Traceback (most recent call last):
  File "/home/selva/covalent_quantum_benchmark/scripts/enumerate_states.py", line 82, in <module>
    main()
  File "/home/selva/covalent_quantum_benchmark/scripts/enumerate_states.py", line 29, in main
    for record_number, row in enumerate(csv.DictReader(args.input.open()), 1):
                                                       ^^^^^^^^^^^^^^^^^
  File "/home/selva/miniconda3/envs/reactionaware-mbl/lib/python3.11/pathlib.py", line 1044, in open
    return io.open(self, mode, buffering, encoding, errors, newline)
           ^^^^^^^^^^^^^^^^^^^^^^^^^^^^^^^^^^^^^^^^^^^^^^^^^^^^^^^^^
FileNotFoundError: [Errno 2] No such file or directory: 'data/processed/erbB_electrophile_activity_benchmark.csv'
[16:23:22] Tautomer enumeration stopped at 12 tautomers: max tautomers reached
[16:23:23] Tautomer enumeration stopped at 12 tautomers: max tautomers reached
[16:23:28] Tautomer enumeration stopped at 12 tautomers: max tautomers reached
[16:23:29] Tautomer enumeration stopped at 12 tautomers: max tautomers reached
processed=25 states=99
[16:23:31] Tautomer enumeration stopped at 12 tautomers: max tautomers reached
[16:23:34] Tautomer enumeration stopped at 12 tautomers: max tautomers reached
[16:23:34] Tautomer enumeration stopped at 12 tautomers: max tautomers reached
[16:23:35] Tautomer enumeration stopped at 12 tautomers: max tautomers reached
[16:23:35] Tautomer enumeration stopped at 12 tautomers: max tautomers reached
[16:23:36] Tautomer enumeration stopped at 12 tautomers: max tautomers reached
[16:23:37] Tautomer enumeration stopped at 12 tautomers: max tautomers reached
[16:23:37] Tautomer enumeration stopped at 12 tautomers: max tautomers reached
[16:23:38] Tautomer enumeration stopped at 12 tautomers: max tautomers reached
[16:23:38] Tautomer enumeration stopped at 12 tautomers: max tautomers reached
[16:23:38] Tautomer enumeration stopped at 12 tautomers: max tautomers reached
[16:23:38] Tautomer enumeration stopped at 12 tautomers: max tautomers reached
[16:23:39] Tautomer enumeration stopped at 12 tautomers: max tautomers reached
[16:23:39] Tautomer enumeration stopped at 12 tautomers: max tautomers reached
[16:23:40] Tautomer enumeration stopped at 12 tautomers: max tautomers reached
[16:23:40] Tautomer enumeration stopped at 12 tautomers: max tautomers reached
processed=50 states=196
[16:23:42] Tautomer enumeration stopped at 12 tautomers: max tautomers reached
[16:23:43] Tautomer enumeration stopped at 12 tautomers: max tautomers reached
[16:23:44] Tautomer enumeration stopped at 12 tautomers: max tautomers reached
[16:23:46] Tautomer enumeration stopped at 12 tautomers: max tautomers reached
[16:23:47] Tautomer enumeration stopped at 12 tautomers: max tautomers reached
[16:23:47] Tautomer enumeration stopped at 12 tautomers: max tautomers reached
processed=75 states=295
[16:23:48] Tautomer enumeration stopped at 12 tautomers: max tautomers reached
[16:23:48] Tautomer enumeration stopped at 12 tautomers: max tautomers reached
[16:23:48] Tautomer enumeration stopped at 12 tautomers: max tautomers reached
[16:23:49] Tautomer enumeration stopped at 12 tautomers: max tautomers reached
[16:23:49] Tautomer enumeration stopped at 12 tautomers: max tautomers reached
[16:23:49] Tautomer enumeration stopped at 12 tautomers: max tautomers reached
[16:23:50] Tautomer enumeration stopped at 12 tautomers: max tautomers reached
processed=100 states=392
[16:23:56] Tautomer enumeration stopped at 12 tautomers: max tautomers reached
[16:24:00] Tautomer enumeration stopped at 12 tautomers: max tautomers reached
[16:24:00] Tautomer enumeration stopped at 12 tautomers: max tautomers reached
processed=125 states=491
[16:24:01] Tautomer enumeration stopped at 12 tautomers: max tautomers reached
[16:24:02] Tautomer enumeration stopped at 12 tautomers: max tautomers reached
[16:24:02] Tautomer enumeration stopped at 12 tautomers: max tautomers reached
[16:24:03] Tautomer enumeration stopped at 12 tautomers: max tautomers reached
[16:24:03] Tautomer enumeration stopped at 12 tautomers: max tautomers reached
[16:24:03] Tautomer enumeration stopped at 12 tautomers: max tautomers reached
[16:24:04] Tautomer enumeration stopped at 12 tautomers: max tautomers reached
[16:24:05] Tautomer enumeration stopped at 12 tautomers: max tautomers reached
[16:24:06] Tautomer enumeration stopped at 12 tautomers: max tautomers reached
[16:24:07] Tautomer enumeration stopped at 12 tautomers: max tautomers reached
[16:24:07] Tautomer enumeration stopped at 12 tautomers: max tautomers reached
[16:24:07] Tautomer enumeration stopped at 12 tautomers: max tautomers reached
[16:24:08] Tautomer enumeration stopped at 12 tautomers: max tautomers reached
processed=150 states=589
[16:24:09] Tautomer enumeration stopped at 12 tautomers: max tautomers reached
[16:24:11] Tautomer enumeration stopped at 12 tautomers: max tautomers reached
[16:24:11] Tautomer enumeration stopped at 12 tautomers: max tautomers reached
[16:24:12] Tautomer enumeration stopped at 12 tautomers: max tautomers reached
[16:24:12] Tautomer enumeration stopped at 12 tautomers: max tautomers reached
[16:24:12] Tautomer enumeration stopped at 12 tautomers: max tautomers reached
[16:24:13] Tautomer enumeration stopped at 12 tautomers: max tautomers reached
processed=175 states=685
[16:24:13] Tautomer enumeration stopped at 12 tautomers: max tautomers reached
[16:24:14] Tautomer enumeration stopped at 12 tautomers: max tautomers reached
[16:24:14] Tautomer enumeration stopped at 12 tautomers: max tautomers reached
[16:24:15] Tautomer enumeration stopped at 12 tautomers: max tautomers reached
[16:24:15] Tautomer enumeration stopped at 12 tautomers: max tautomers reached
[16:24:15] Tautomer enumeration stopped at 12 tautomers: max tautomers reached
[16:24:16] Tautomer enumeration stopped at 12 tautomers: max tautomers reached
[16:24:16] Tautomer enumeration stopped at 12 tautomers: max tautomers reached
[16:24:17] Tautomer enumeration stopped at 12 tautomers: max tautomers reached
[16:24:19] Tautomer enumeration stopped at 12 tautomers: max tautomers reached
processed=200 states=783
[16:24:26] Tautomer enumeration stopped at 12 tautomers: max tautomers reached
processed=225 states=883
[16:24:31] Tautomer enumeration stopped at 12 tautomers: max tautomers reached
[16:24:31] Tautomer enumeration stopped at 12 tautomers: max tautomers reached
[16:24:33] Tautomer enumeration stopped at 12 tautomers: max tautomers reached
[16:24:33] Tautomer enumeration stopped at 12 tautomers: max tautomers reached
[16:24:34] Tautomer enumeration stopped at 12 tautomers: max tautomers reached
[16:24:40] Tautomer enumeration stopped at 12 tautomers: max tautomers reached
[16:24:40] Tautomer enumeration stopped at 12 tautomers: max tautomers reached
processed=250 states=983
[16:24:41] Tautomer enumeration stopped at 12 tautomers: max tautomers reached
[16:24:41] Tautomer enumeration stopped at 12 tautomers: max tautomers reached
[16:24:42] Tautomer enumeration stopped at 12 tautomers: max tautomers reached
[16:24:42] Tautomer enumeration stopped at 12 tautomers: max tautomers reached
processed=275 states=1083
processed=300 states=1181
[16:25:15] Tautomer enumeration stopped at 12 tautomers: max tautomers reached
[16:25:17] Tautomer enumeration stopped at 12 tautomers: max tautomers reached
[16:25:17] Tautomer enumeration stopped at 12 tautomers: max tautomers reached
[16:25:17] Tautomer enumeration stopped at 12 tautomers: max tautomers reached
processed=325 states=1278
[16:25:22] Tautomer enumeration stopped at 12 tautomers: max tautomers reached
[16:25:23] Tautomer enumeration stopped at 12 tautomers: max tautomers reached
[16:25:23] Tautomer enumeration stopped at 12 tautomers: max tautomers reached
processed=350 states=1374
[16:25:40] Tautomer enumeration stopped at 12 tautomers: max tautomers reached
processed=375 states=1474
[16:25:45] Tautomer enumeration stopped at 12 tautomers: max tautomers reached
[16:25:49] Tautomer enumeration stopped at 12 tautomers: max tautomers reached
[16:25:49] Tautomer enumeration stopped at 12 tautomers: max tautomers reached
processed=400 states=1566
[16:25:49] Tautomer enumeration stopped at 12 tautomers: max tautomers reached
[16:25:50] Tautomer enumeration stopped at 12 tautomers: max tautomers reached
[16:25:51] Tautomer enumeration stopped at 12 tautomers: max tautomers reached
[16:25:52] Tautomer enumeration stopped at 12 tautomers: max tautomers reached
[16:25:52] Tautomer enumeration stopped at 12 tautomers: max tautomers reached
[16:25:53] Tautomer enumeration stopped at 12 tautomers: max tautomers reached
[16:25:53] Tautomer enumeration stopped at 12 tautomers: max tautomers reached
[16:25:53] Tautomer enumeration stopped at 12 tautomers: max tautomers reached
[16:25:54] Tautomer enumeration stopped at 12 tautomers: max tautomers reached
[16:25:54] Tautomer enumeration stopped at 12 tautomers: max tautomers reached
processed=425 states=1658
Wrote 1722 quantum states to data/processed/erbB_tautomer_states.csv
