nohup: ignoring input
1/1722 EGFR__CHEMBL113900__state00: success
2/1722 EGFR__CHEMBL113900__state01: success
3/1722 EGFR__CHEMBL113900__state02: success
4/1722 EGFR__CHEMBL113996__state00: success
5/1722 EGFR__CHEMBL113900__state03: success
6/1722 EGFR__CHEMBL113996__state01: success
7/1722 EGFR__CHEMBL113996__state02: success
8/1722 EGFR__CHEMBL113996__state03: success
9/1722 EGFR__CHEMBL114073__state00: success
10/1722 EGFR__CHEMBL114073__state02: success
11/1722 EGFR__CHEMBL114073__state01: success
12/1722 EGFR__CHEMBL114593__state00: success
13/1722 EGFR__CHEMBL114073__state03: success
14/1722 EGFR__CHEMBL114593__state01: success
15/1722 EGFR__CHEMBL114593__state02: success
16/1722 EGFR__CHEMBL114593__state03: success
17/1722 EGFR__CHEMBL115187__state01: success
18/1722 EGFR__CHEMBL115187__state00: success
19/1722 EGFR__CHEMBL115187__state02: success
20/1722 EGFR__CHEMBL115440__state00: success
21/1722 EGFR__CHEMBL115187__state03: success
22/1722 EGFR__CHEMBL115440__state01: success
23/1722 EGFR__CHEMBL115440__state02: success
24/1722 EGFR__CHEMBL115440__state03: success
25/1722 EGFR__CHEMBL115519__state00: success
26/1722 EGFR__CHEMBL115519__state02: success
27/1722 EGFR__CHEMBL115519__state01: success
28/1722 EGFR__CHEMBL115519__state03: success
29/1722 EGFR__CHEMBL115895__state01: success
30/1722 EGFR__CHEMBL115895__state00: success
31/1722 EGFR__CHEMBL115895__state02: success
32/1722 EGFR__CHEMBL115895__state03: success
33/1722 EGFR__CHEMBL116012__state00: success
34/1722 EGFR__CHEMBL116012__state01: success
35/1722 EGFR__CHEMBL1161234__state00: success
36/1722 EGFR__CHEMBL1161234__state01: success
37/1722 EGFR__CHEMBL116012__state02: success
38/1722 EGFR__CHEMBL116012__state03: success
39/1722 EGFR__CHEMBL1161234__state02: success
40/1722 EGFR__CHEMBL1161234__state03: success
41/1722 EGFR__CHEMBL116525__state00: success
42/1722 EGFR__CHEMBL116525__state01: success
43/1722 EGFR__CHEMBL116525__state02: success
44/1722 EGFR__CHEMBL116525__state03: success
45/1722 EGFR__CHEMBL116853__state00: success
46/1722 EGFR__CHEMBL116853__state01: success
47/1722 EGFR__CHEMBL116853__state02: success
48/1722 EGFR__CHEMBL116853__state03: success
49/1722 EGFR__CHEMBL117324__state01: success
50/1722 EGFR__CHEMBL117324__state00: success
51/1722 EGFR__CHEMBL117324__state02: success
52/1722 EGFR__CHEMBL117324__state03: success
53/1722 EGFR__CHEMBL117326__state00: success
54/1722 EGFR__CHEMBL117326__state01: success
55/1722 EGFR__CHEMBL117326__state03: success
56/1722 EGFR__CHEMBL117326__state02: success
57/1722 EGFR__CHEMBL118109__state00: success
58/1722 EGFR__CHEMBL118109__state01: success
59/1722 EGFR__CHEMBL118109__state02: success
60/1722 EGFR__CHEMBL118109__state03: success
61/1722 EGFR__CHEMBL118205__state00: success
62/1722 EGFR__CHEMBL118205__state01: success
63/1722 EGFR__CHEMBL118205__state02: success
64/1722 EGFR__CHEMBL119156__state00: success
65/1722 EGFR__CHEMBL118205__state03: success
66/1722 EGFR__CHEMBL119156__state01: success
67/1722 EGFR__CHEMBL119156__state02: success
68/1722 EGFR__CHEMBL119156__state03: success
69/1722 EGFR__CHEMBL119923__state00: success
70/1722 EGFR__CHEMBL119923__state01: success
71/1722 EGFR__CHEMBL119923__state02: success
72/1722 EGFR__CHEMBL134371__state00: success
73/1722 EGFR__CHEMBL119923__state03: success
74/1722 EGFR__CHEMBL134371__state01: success
75/1722 EGFR__CHEMBL134371__state02: success
76/1722 EGFR__CHEMBL134371__state03: success
77/1722 EGFR__CHEMBL135142__state00: success
78/1722 EGFR__CHEMBL135142__state01: success
79/1722 EGFR__CHEMBL135142__state02: success
80/1722 EGFR__CHEMBL135142__state03: success
81/1722 EGFR__CHEMBL136058__state00: success
82/1722 EGFR__CHEMBL136058__state01: success
83/1722 EGFR__CHEMBL136058__state03: success
84/1722 EGFR__CHEMBL136058__state02: success
85/1722 EGFR__CHEMBL136102__state00: success
86/1722 EGFR__CHEMBL136102__state02: success
87/1722 EGFR__CHEMBL136102__state01: success
88/1722 EGFR__CHEMBL136178__state00: success
89/1722 EGFR__CHEMBL136178__state01: success
90/1722 EGFR__CHEMBL136178__state02: success
91/1722 EGFR__CHEMBL136178__state03: success
92/1722 EGFR__CHEMBL136404__state00: success
93/1722 EGFR__CHEMBL136404__state02: success
94/1722 EGFR__CHEMBL136102__state03: success
95/1722 EGFR__CHEMBL136404__state01: success
96/1722 EGFR__CHEMBL136404__state03: success
97/1722 EGFR__CHEMBL136511__state01: success
98/1722 EGFR__CHEMBL136511__state00: success
99/1722 EGFR__CHEMBL136511__state02: success
100/1722 EGFR__CHEMBL137082__state01: success
101/1722 EGFR__CHEMBL137082__state00: success
102/1722 EGFR__CHEMBL138363__state01: success
103/1722 EGFR__CHEMBL137082__state02: success
104/1722 EGFR__CHEMBL138363__state00: success
105/1722 EGFR__CHEMBL138363__state03: success
106/1722 EGFR__CHEMBL138363__state02: success
107/1722 EGFR__CHEMBL138691__state00: success
108/1722 EGFR__CHEMBL138691__state02: success
109/1722 EGFR__CHEMBL138691__state01: success
110/1722 EGFR__CHEMBL138940__state01: success
111/1722 EGFR__CHEMBL138940__state00: success
112/1722 EGFR__CHEMBL138940__state02: success
113/1722 EGFR__CHEMBL139044__state00: success
114/1722 EGFR__CHEMBL138940__state03: success
115/1722 EGFR__CHEMBL139044__state02: success
116/1722 EGFR__CHEMBL139044__state01: success
117/1722 EGFR__CHEMBL139044__state03: success
118/1722 EGFR__CHEMBL139095__state01: success
119/1722 EGFR__CHEMBL139095__state00: success
120/1722 EGFR__CHEMBL139095__state02: success
121/1722 EGFR__CHEMBL139095__state03: success
122/1722 EGFR__CHEMBL139307__state00: success
123/1722 EGFR__CHEMBL139307__state01: success
124/1722 EGFR__CHEMBL139307__state02: success
125/1722 EGFR__CHEMBL140561__state00: success
126/1722 EGFR__CHEMBL140561__state01: success
127/1722 EGFR__CHEMBL140561__state02: success
128/1722 EGFR__CHEMBL140561__state03: success
129/1722 EGFR__CHEMBL141175__state00: success
130/1722 EGFR__CHEMBL141175__state01: success
131/1722 EGFR__CHEMBL141175__state02: success
132/1722 EGFR__CHEMBL141238__state00: success
133/1722 EGFR__CHEMBL141238__state01: success
134/1722 EGFR__CHEMBL141175__state03: success
135/1722 EGFR__CHEMBL141238__state02: success
136/1722 EGFR__CHEMBL141238__state03: success
137/1722 EGFR__CHEMBL144159__state00: success
138/1722 EGFR__CHEMBL144159__state01: success
139/1722 EGFR__CHEMBL144159__state02: success
140/1722 EGFR__CHEMBL144159__state03: success
141/1722 EGFR__CHEMBL144589__state00: success
142/1722 EGFR__CHEMBL144589__state01: success
143/1722 EGFR__CHEMBL144589__state03: success
144/1722 EGFR__CHEMBL144589__state02: success
145/1722 EGFR__CHEMBL144632__state00: success
146/1722 EGFR__CHEMBL144632__state02: success
147/1722 EGFR__CHEMBL144632__state01: success
148/1722 EGFR__CHEMBL144632__state03: success
149/1722 EGFR__CHEMBL144770__state00: success
150/1722 EGFR__CHEMBL144770__state01: success
151/1722 EGFR__CHEMBL144770__state02: success
152/1722 EGFR__CHEMBL144770__state03: success
153/1722 EGFR__CHEMBL144778__state00: success
154/1722 EGFR__CHEMBL144778__state01: success
155/1722 EGFR__CHEMBL144778__state02: success
156/1722 EGFR__CHEMBL144778__state03: success
157/1722 EGFR__CHEMBL145266__state01: success
158/1722 EGFR__CHEMBL145266__state00: success
159/1722 EGFR__CHEMBL145266__state02: success
160/1722 EGFR__CHEMBL146694__state00: success
161/1722 EGFR__CHEMBL146694__state01: success
162/1722 EGFR__CHEMBL145266__state03: success
163/1722 EGFR__CHEMBL146694__state02: success
164/1722 EGFR__CHEMBL147112__state00: success
165/1722 EGFR__CHEMBL146694__state03: success
166/1722 EGFR__CHEMBL147112__state01: success
167/1722 EGFR__CHEMBL147112__state03: success
168/1722 EGFR__CHEMBL147112__state02: success
169/1722 EGFR__CHEMBL147761__state00: success
170/1722 EGFR__CHEMBL147761__state01: success
171/1722 EGFR__CHEMBL147761__state03: success
172/1722 EGFR__CHEMBL147761__state02: success
173/1722 EGFR__CHEMBL147880__state00: success
174/1722 EGFR__CHEMBL147880__state02: success
175/1722 EGFR__CHEMBL147880__state01: success
176/1722 EGFR__CHEMBL148514__state00: success
177/1722 EGFR__CHEMBL148514__state01: success
178/1722 EGFR__CHEMBL147880__state03: success
179/1722 EGFR__CHEMBL148514__state02: success
180/1722 EGFR__CHEMBL148514__state03: success
181/1722 EGFR__CHEMBL148984__state00: success
182/1722 EGFR__CHEMBL148984__state01: success
183/1722 EGFR__CHEMBL148984__state02: success
184/1722 EGFR__CHEMBL148984__state03: success
185/1722 EGFR__CHEMBL149201__state01: success
186/1722 EGFR__CHEMBL149201__state00: success
187/1722 EGFR__CHEMBL149201__state02: success
188/1722 EGFR__CHEMBL149201__state03: success
189/1722 EGFR__CHEMBL150177__state00: success
190/1722 EGFR__CHEMBL150177__state02: success
191/1722 EGFR__CHEMBL150177__state01: success
192/1722 EGFR__CHEMBL150177__state03: success
193/1722 EGFR__CHEMBL157128__state01: success
194/1722 EGFR__CHEMBL157128__state00: success
195/1722 EGFR__CHEMBL157128__state02: success
196/1722 EGFR__CHEMBL2112369__state00: success
197/1722 EGFR__CHEMBL157128__state03: success
198/1722 EGFR__CHEMBL2112369__state01: success
199/1722 EGFR__CHEMBL2112370__state00: success
200/1722 EGFR__CHEMBL2112369__state02: success
201/1722 EGFR__CHEMBL2112369__state03: success
202/1722 EGFR__CHEMBL2112370__state01: success
203/1722 EGFR__CHEMBL2112370__state02: success
204/1722 EGFR__CHEMBL2112370__state03: success
205/1722 EGFR__CHEMBL263788__state00: success
206/1722 EGFR__CHEMBL263788__state01: success
207/1722 EGFR__CHEMBL263788__state02: success
208/1722 EGFR__CHEMBL263788__state03: success
209/1722 EGFR__CHEMBL264382__state00: success
210/1722 EGFR__CHEMBL264382__state01: success
211/1722 EGFR__CHEMBL264382__state02: success
212/1722 EGFR__CHEMBL264382__state03: success
213/1722 EGFR__CHEMBL27685__state00: success
214/1722 EGFR__CHEMBL27685__state01: success
215/1722 EGFR__CHEMBL27685__state02: success
216/1722 EGFR__CHEMBL27685__state03: success
217/1722 EGFR__CHEMBL27688__state00: success
218/1722 EGFR__CHEMBL27688__state01: success
219/1722 EGFR__CHEMBL27688__state02: success
220/1722 EGFR__CHEMBL27688__state03: success
221/1722 EGFR__CHEMBL279138__state01: success
222/1722 EGFR__CHEMBL279138__state00: success
223/1722 EGFR__CHEMBL279138__state03: success
224/1722 EGFR__CHEMBL279138__state02: success
225/1722 EGFR__CHEMBL280757__state00: success
226/1722 EGFR__CHEMBL280757__state01: success
227/1722 EGFR__CHEMBL280757__state03: success
228/1722 EGFR__CHEMBL280757__state02: success
229/1722 EGFR__CHEMBL281300__state01: success
230/1722 EGFR__CHEMBL281300__state00: success
231/1722 EGFR__CHEMBL281300__state02: success
232/1722 EGFR__CHEMBL281467__state00: success
233/1722 EGFR__CHEMBL281300__state03: success
234/1722 EGFR__CHEMBL281467__state01: success
235/1722 EGFR__CHEMBL281467__state02: success
236/1722 EGFR__CHEMBL281467__state03: success
237/1722 EGFR__CHEMBL281543__state02: success
238/1722 EGFR__CHEMBL281543__state00: success
239/1722 EGFR__CHEMBL281543__state01: success
240/1722 EGFR__CHEMBL283201__state00: success
241/1722 EGFR__CHEMBL283201__state01: success
242/1722 EGFR__CHEMBL281543__state03: success
243/1722 EGFR__CHEMBL283201__state02: success
244/1722 EGFR__CHEMBL283201__state03: success
245/1722 EGFR__CHEMBL283682__state00: success
246/1722 EGFR__CHEMBL283682__state01: success
247/1722 EGFR__CHEMBL283682__state02: success
248/1722 EGFR__CHEMBL283682__state03: success
249/1722 EGFR__CHEMBL28418__state00: success
250/1722 EGFR__CHEMBL28418__state01: success
251/1722 EGFR__CHEMBL28418__state02: success
252/1722 EGFR__CHEMBL28418__state03: success
253/1722 EGFR__CHEMBL284326__state01: success
254/1722 EGFR__CHEMBL284326__state00: success
255/1722 EGFR__CHEMBL284326__state02: success
256/1722 EGFR__CHEMBL285063__state00: success
257/1722 EGFR__CHEMBL285063__state01: success
258/1722 EGFR__CHEMBL285063__state02: success
259/1722 EGFR__CHEMBL285063__state03: success
260/1722 EGFR__CHEMBL284326__state03: success
261/1722 EGFR__CHEMBL286343__state01: success
262/1722 EGFR__CHEMBL286343__state00: success
263/1722 EGFR__CHEMBL286343__state02: success
264/1722 EGFR__CHEMBL290389__state00: success
265/1722 EGFR__CHEMBL286343__state03: success
266/1722 EGFR__CHEMBL290389__state01: success
267/1722 EGFR__CHEMBL290389__state02: success
268/1722 EGFR__CHEMBL291313__state00: success
269/1722 EGFR__CHEMBL291313__state01: success
270/1722 EGFR__CHEMBL291313__state02: success
271/1722 EGFR__CHEMBL290389__state03: success
272/1722 EGFR__CHEMBL291986__state00: success
273/1722 EGFR__CHEMBL291986__state01: success
274/1722 EGFR__CHEMBL291986__state02: success
275/1722 EGFR__CHEMBL293749__state00: success
276/1722 EGFR__CHEMBL291986__state03: success
277/1722 EGFR__CHEMBL293749__state01: success
278/1722 EGFR__CHEMBL293749__state03: success
279/1722 EGFR__CHEMBL293749__state02: success
280/1722 EGFR__CHEMBL296168__state00: success
281/1722 EGFR__CHEMBL296168__state01: success
282/1722 EGFR__CHEMBL296168__state02: success
283/1722 EGFR__CHEMBL296407__state00: success
284/1722 EGFR__CHEMBL296168__state03: success
285/1722 EGFR__CHEMBL296407__state01: success
286/1722 EGFR__CHEMBL296407__state02: success
287/1722 EGFR__CHEMBL296407__state03: success
288/1722 EGFR__CHEMBL297968__state00: success
289/1722 EGFR__CHEMBL297968__state02: success
290/1722 EGFR__CHEMBL297968__state01: success
291/1722 EGFR__CHEMBL297968__state03: success
292/1722 EGFR__CHEMBL302552__state01: success
293/1722 EGFR__CHEMBL302552__state00: success
294/1722 EGFR__CHEMBL302552__state02: success
295/1722 EGFR__CHEMBL302552__state03: success
296/1722 EGFR__CHEMBL304271__state00: success
297/1722 EGFR__CHEMBL304271__state01: success
298/1722 EGFR__CHEMBL304271__state02: success
299/1722 EGFR__CHEMBL304971__state00: success
300/1722 EGFR__CHEMBL304271__state03: success
301/1722 EGFR__CHEMBL304971__state02: success
302/1722 EGFR__CHEMBL304971__state01: success
303/1722 EGFR__CHEMBL304971__state03: success
304/1722 EGFR__CHEMBL305194__state01: success
305/1722 EGFR__CHEMBL305194__state00: success
306/1722 EGFR__CHEMBL305194__state02: success
307/1722 EGFR__CHEMBL305194__state03: success
308/1722 EGFR__CHEMBL305246__state00: success
309/1722 EGFR__CHEMBL305246__state01: success
310/1722 EGFR__CHEMBL305246__state02: success
311/1722 EGFR__CHEMBL305246__state03: success
312/1722 EGFR__CHEMBL305782__state00: success
313/1722 EGFR__CHEMBL305782__state02: success
314/1722 EGFR__CHEMBL305782__state01: success
315/1722 EGFR__CHEMBL308048__state00: success
316/1722 EGFR__CHEMBL308048__state01: success
317/1722 EGFR__CHEMBL308048__state02: success
318/1722 EGFR__CHEMBL308339__state00: success
319/1722 EGFR__CHEMBL308048__state03: success
320/1722 EGFR__CHEMBL308339__state01: success
321/1722 EGFR__CHEMBL308339__state02: success
322/1722 EGFR__CHEMBL305782__state03: success
323/1722 EGFR__CHEMBL308339__state03: success
324/1722 EGFR__CHEMBL308645__state00: success
325/1722 EGFR__CHEMBL308645__state02: success
326/1722 EGFR__CHEMBL308645__state01: success
327/1722 EGFR__CHEMBL308645__state03: success
328/1722 EGFR__CHEMBL308672__state00: success
329/1722 EGFR__CHEMBL308672__state01: success
330/1722 EGFR__CHEMBL308672__state03: success
331/1722 EGFR__CHEMBL308672__state02: success
332/1722 EGFR__CHEMBL30973__state00: success
333/1722 EGFR__CHEMBL30973__state01: success
334/1722 EGFR__CHEMBL30973__state02: success
335/1722 EGFR__CHEMBL31276__state00: success
336/1722 EGFR__CHEMBL30973__state03: success
337/1722 EGFR__CHEMBL31276__state01: success
338/1722 EGFR__CHEMBL31276__state02: success
339/1722 EGFR__CHEMBL31276__state03: success
340/1722 EGFR__CHEMBL31326__state00: success
341/1722 EGFR__CHEMBL31326__state02: success
342/1722 EGFR__CHEMBL31326__state01: success
343/1722 EGFR__CHEMBL31326__state03: success
344/1722 EGFR__CHEMBL31369__state00: success
345/1722 EGFR__CHEMBL31369__state01: success
346/1722 EGFR__CHEMBL31373__state00: success
347/1722 EGFR__CHEMBL31369__state02: success
348/1722 EGFR__CHEMBL31369__state03: success
349/1722 EGFR__CHEMBL31373__state01: success
350/1722 EGFR__CHEMBL31373__state02: success
351/1722 EGFR__CHEMBL31373__state03: success
352/1722 EGFR__CHEMBL314146__state00: success
353/1722 EGFR__CHEMBL314146__state01: success
354/1722 EGFR__CHEMBL31419__state00: success
355/1722 EGFR__CHEMBL31419__state02: success
356/1722 EGFR__CHEMBL31419__state01: success
357/1722 EGFR__CHEMBL31570__state00: success
358/1722 EGFR__CHEMBL31570__state01: success
359/1722 EGFR__CHEMBL31419__state03: success
360/1722 EGFR__CHEMBL31570__state02: success
361/1722 EGFR__CHEMBL31570__state03: success
362/1722 EGFR__CHEMBL31588__state00: success
363/1722 EGFR__CHEMBL31588__state02: success
364/1722 EGFR__CHEMBL31588__state01: success
365/1722 EGFR__CHEMBL316127__state00: success
366/1722 EGFR__CHEMBL31588__state03: success
367/1722 EGFR__CHEMBL316127__state01: success
368/1722 EGFR__CHEMBL316127__state02: success
369/1722 EGFR__CHEMBL316127__state03: success
370/1722 EGFR__CHEMBL31622__state00: success
371/1722 EGFR__CHEMBL31622__state01: success
372/1722 EGFR__CHEMBL31622__state02: success
373/1722 EGFR__CHEMBL31622__state03: success
374/1722 EGFR__CHEMBL31630__state00: success
375/1722 EGFR__CHEMBL31630__state02: success
376/1722 EGFR__CHEMBL31630__state01: success
377/1722 EGFR__CHEMBL31656__state01: success
378/1722 EGFR__CHEMBL31656__state00: success
379/1722 EGFR__CHEMBL31815__state00: success
380/1722 EGFR__CHEMBL31656__state02: success
381/1722 EGFR__CHEMBL31815__state02: success
382/1722 EGFR__CHEMBL31815__state01: success
383/1722 EGFR__CHEMBL31656__state03: success
384/1722 EGFR__CHEMBL31816__state01: success
385/1722 EGFR__CHEMBL31815__state03: success
386/1722 EGFR__CHEMBL31816__state00: success
387/1722 EGFR__CHEMBL31816__state02: success
388/1722 EGFR__CHEMBL31816__state03: success
389/1722 EGFR__CHEMBL31876__state00: success
390/1722 EGFR__CHEMBL31876__state01: success
391/1722 EGFR__CHEMBL31876__state02: success
392/1722 EGFR__CHEMBL31876__state03: success
393/1722 EGFR__CHEMBL31965__state01: success
394/1722 EGFR__CHEMBL31965__state00: success
395/1722 EGFR__CHEMBL31965__state02: success
396/1722 EGFR__CHEMBL32079__state01: success
397/1722 EGFR__CHEMBL31965__state03: success
398/1722 EGFR__CHEMBL32079__state00: success
399/1722 EGFR__CHEMBL323630__state00: success
400/1722 EGFR__CHEMBL32079__state02: success
401/1722 EGFR__CHEMBL32079__state03: success
402/1722 EGFR__CHEMBL323630__state01: success
403/1722 EGFR__CHEMBL323630__state03: success
404/1722 EGFR__CHEMBL323630__state02: success
405/1722 EGFR__CHEMBL324030__state01: success
406/1722 EGFR__CHEMBL324030__state00: success
407/1722 EGFR__CHEMBL324030__state02: success
408/1722 EGFR__CHEMBL324030__state03: success
409/1722 EGFR__CHEMBL324718__state00: success
410/1722 EGFR__CHEMBL324718__state01: success
411/1722 EGFR__CHEMBL326044__state00: success
412/1722 EGFR__CHEMBL324718__state03: success
413/1722 EGFR__CHEMBL324718__state02: success
414/1722 EGFR__CHEMBL326044__state01: success
415/1722 EGFR__CHEMBL326044__state02: success
416/1722 EGFR__CHEMBL326044__state03: success
417/1722 EGFR__CHEMBL326100__state00: success
418/1722 EGFR__CHEMBL326100__state01: success
419/1722 EGFR__CHEMBL326100__state02: success
420/1722 EGFR__CHEMBL326100__state03: success
421/1722 EGFR__CHEMBL326280__state00: success
422/1722 EGFR__CHEMBL326280__state02: success
423/1722 EGFR__CHEMBL326280__state01: success
424/1722 EGFR__CHEMBL326280__state03: success
425/1722 EGFR__CHEMBL327023__state00: success
426/1722 EGFR__CHEMBL327023__state02: success
427/1722 EGFR__CHEMBL327023__state01: success
428/1722 EGFR__CHEMBL327838__state00: success
429/1722 EGFR__CHEMBL327023__state03: success
430/1722 EGFR__CHEMBL327838__state01: success
431/1722 EGFR__CHEMBL327838__state02: success
432/1722 EGFR__CHEMBL327838__state03: success
433/1722 EGFR__CHEMBL328245__state00: success
434/1722 EGFR__CHEMBL328245__state01: success
435/1722 EGFR__CHEMBL328245__state02: success
436/1722 EGFR__CHEMBL328245__state03: success
437/1722 EGFR__CHEMBL32844__state00: success
438/1722 EGFR__CHEMBL32844__state01: success
439/1722 EGFR__CHEMBL32844__state02: success
440/1722 EGFR__CHEMBL328704__state00: success
441/1722 EGFR__CHEMBL32844__state03: success
442/1722 EGFR__CHEMBL328704__state01: success
443/1722 EGFR__CHEMBL328704__state02: success
444/1722 EGFR__CHEMBL328704__state03: success
445/1722 EGFR__CHEMBL328977__state00: success
446/1722 EGFR__CHEMBL328977__state01: success
447/1722 EGFR__CHEMBL328977__state02: success
448/1722 EGFR__CHEMBL328977__state03: success
449/1722 EGFR__CHEMBL329642__state00: success
450/1722 EGFR__CHEMBL329642__state01: success
451/1722 EGFR__CHEMBL329642__state02: success
452/1722 EGFR__CHEMBL329642__state03: success
453/1722 EGFR__CHEMBL329856__state00: success
454/1722 EGFR__CHEMBL329856__state01: success
455/1722 EGFR__CHEMBL329856__state02: success
456/1722 EGFR__CHEMBL329856__state03: success
457/1722 EGFR__CHEMBL331026__state01: success
458/1722 EGFR__CHEMBL331026__state00: success
459/1722 EGFR__CHEMBL331026__state02: success
460/1722 EGFR__CHEMBL331026__state03: success
461/1722 EGFR__CHEMBL333454__state00: success
462/1722 EGFR__CHEMBL333454__state01: success
463/1722 EGFR__CHEMBL333454__state02: success
464/1722 EGFR__CHEMBL334697__state00: success
465/1722 EGFR__CHEMBL333454__state03: success
466/1722 EGFR__CHEMBL334697__state01: success
467/1722 EGFR__CHEMBL334697__state02: success
468/1722 EGFR__CHEMBL334801__state00: success
469/1722 EGFR__CHEMBL334801__state01: success
470/1722 EGFR__CHEMBL334801__state02: success
471/1722 EGFR__CHEMBL334801__state03: success
472/1722 EGFR__CHEMBL342828__state01: success
473/1722 EGFR__CHEMBL342828__state00: success
474/1722 EGFR__CHEMBL343722__state00: success
475/1722 EGFR__CHEMBL342828__state03: success
476/1722 EGFR__CHEMBL343722__state01: success
477/1722 EGFR__CHEMBL342828__state02: success
478/1722 EGFR__CHEMBL343722__state02: success
479/1722 EGFR__CHEMBL343722__state03: success
480/1722 EGFR__CHEMBL343875__state00: success
481/1722 EGFR__CHEMBL343875__state01: success
482/1722 EGFR__CHEMBL344177__state00: success
483/1722 EGFR__CHEMBL343875__state02: success
484/1722 EGFR__CHEMBL343875__state03: success
485/1722 EGFR__CHEMBL344177__state01: success
486/1722 EGFR__CHEMBL344177__state02: success
487/1722 EGFR__CHEMBL344177__state03: success
488/1722 EGFR__CHEMBL344486__state00: success
489/1722 EGFR__CHEMBL344486__state01: success
490/1722 EGFR__CHEMBL344486__state02: success
491/1722 EGFR__CHEMBL344486__state03: success
492/1722 EGFR__CHEMBL345109__state00: success
493/1722 EGFR__CHEMBL345109__state01: success
494/1722 EGFR__CHEMBL345109__state02: success
495/1722 EGFR__CHEMBL347074__state00: success
496/1722 EGFR__CHEMBL347074__state01: success
497/1722 EGFR__CHEMBL345109__state03: success
498/1722 EGFR__CHEMBL347074__state02: success
499/1722 EGFR__CHEMBL347074__state03: success
500/1722 EGFR__CHEMBL357161__state00: success
501/1722 EGFR__CHEMBL357161__state02: success
502/1722 EGFR__CHEMBL357161__state01: success
503/1722 EGFR__CHEMBL357161__state03: success
504/1722 EGFR__CHEMBL357400__state01: success
505/1722 EGFR__CHEMBL357400__state00: success
506/1722 EGFR__CHEMBL358494__state00: success
507/1722 EGFR__CHEMBL357400__state03: success
508/1722 EGFR__CHEMBL357400__state02: success
509/1722 EGFR__CHEMBL358494__state01: success
510/1722 EGFR__CHEMBL358494__state02: success
511/1722 EGFR__CHEMBL358494__state03: success
512/1722 EGFR__CHEMBL358728__state00: success
513/1722 EGFR__CHEMBL358728__state01: success
514/1722 EGFR__CHEMBL358728__state02: success
515/1722 EGFR__CHEMBL358728__state03: success
516/1722 EGFR__CHEMBL414220__state00: success
517/1722 EGFR__CHEMBL414220__state01: success
518/1722 EGFR__CHEMBL414220__state02: success
519/1722 EGFR__CHEMBL414631__state00: success
520/1722 EGFR__CHEMBL414220__state03: success
521/1722 EGFR__CHEMBL414631__state01: success
522/1722 EGFR__CHEMBL414631__state02: success
523/1722 EGFR__CHEMBL414631__state03: success
524/1722 EGFR__CHEMBL417478__state00: success
525/1722 EGFR__CHEMBL417478__state02: success
526/1722 EGFR__CHEMBL417478__state01: success
527/1722 EGFR__CHEMBL417941__state00: success
528/1722 EGFR__CHEMBL417941__state01: success
529/1722 EGFR__CHEMBL417478__state03: success
530/1722 EGFR__CHEMBL417941__state02: success
531/1722 EGFR__CHEMBL417941__state03: success
532/1722 EGFR__CHEMBL419501__state00: success
533/1722 EGFR__CHEMBL419501__state01: success
534/1722 EGFR__CHEMBL419501__state02: success
535/1722 EGFR__CHEMBL422292__state00: success
536/1722 EGFR__CHEMBL422292__state01: success
537/1722 EGFR__CHEMBL419501__state03: success
538/1722 EGFR__CHEMBL422292__state02: success
539/1722 EGFR__CHEMBL422292__state03: success
540/1722 EGFR__CHEMBL424302__state00: success
541/1722 EGFR__CHEMBL424302__state01: success
542/1722 EGFR__CHEMBL424625__state00: success
543/1722 EGFR__CHEMBL424625__state01: success
544/1722 EGFR__CHEMBL424302__state02: success
545/1722 EGFR__CHEMBL424625__state02: success
546/1722 EGFR__CHEMBL424302__state03: success
547/1722 EGFR__CHEMBL424625__state03: success
548/1722 EGFR__CHEMBL430571__state00: success
549/1722 EGFR__CHEMBL430571__state01: success
550/1722 EGFR__CHEMBL430571__state02: success
551/1722 EGFR__CHEMBL430571__state03: success
552/1722 EGFR__CHEMBL431996__state00: success
553/1722 EGFR__CHEMBL431996__state01: success
554/1722 EGFR__CHEMBL431996__state02: success
555/1722 EGFR__CHEMBL431996__state03: success
556/1722 EGFR__CHEMBL432428__state00: success
557/1722 EGFR__CHEMBL432428__state01: success
558/1722 EGFR__CHEMBL432428__state03: success
559/1722 EGFR__CHEMBL432428__state02: success
560/1722 EGFR__CHEMBL432903__state00: success
561/1722 EGFR__CHEMBL432903__state02: success
562/1722 EGFR__CHEMBL432903__state01: success
563/1722 EGFR__CHEMBL432903__state03: success
564/1722 EGFR__CHEMBL434827__state00: success
565/1722 EGFR__CHEMBL434827__state01: success
566/1722 EGFR__CHEMBL434828__state00: success
567/1722 EGFR__CHEMBL434827__state02: success
568/1722 EGFR__CHEMBL434827__state03: success
569/1722 EGFR__CHEMBL434828__state01: success
570/1722 EGFR__CHEMBL434828__state02: success
571/1722 EGFR__CHEMBL434828__state03: success
572/1722 EGFR__CHEMBL441279__state01: success
573/1722 EGFR__CHEMBL441279__state00: success
574/1722 EGFR__CHEMBL441279__state02: success
575/1722 EGFR__CHEMBL441279__state03: success
576/1722 EGFR__CHEMBL442754__state00: success
577/1722 EGFR__CHEMBL442754__state01: success
578/1722 EGFR__CHEMBL442754__state02: success
579/1722 EGFR__CHEMBL443523__state00: success
580/1722 EGFR__CHEMBL443523__state01: success
581/1722 EGFR__CHEMBL442754__state03: success
582/1722 EGFR__CHEMBL443523__state02: success
583/1722 EGFR__CHEMBL443523__state03: success
584/1722 EGFR__CHEMBL450622__state01: success
585/1722 EGFR__CHEMBL450622__state02: success
586/1722 EGFR__CHEMBL450622__state00: success
587/1722 EGFR__CHEMBL48760__state01: success
588/1722 EGFR__CHEMBL48760__state00: success
589/1722 EGFR__CHEMBL450622__state03: success
590/1722 EGFR__CHEMBL49986__state00: success
591/1722 EGFR__CHEMBL49986__state01: success
592/1722 EGFR__CHEMBL49986__state02: success
593/1722 EGFR__CHEMBL49986__state03: success
594/1722 EGFR__CHEMBL51659__state01: success
595/1722 EGFR__CHEMBL51659__state00: success
596/1722 EGFR__CHEMBL51659__state02: success
597/1722 EGFR__CHEMBL51659__state03: success
598/1722 EGFR__CHEMBL51741__state00: success
599/1722 EGFR__CHEMBL51741__state01: success
600/1722 EGFR__CHEMBL52913__state00: success
601/1722 EGFR__CHEMBL52913__state01: success
602/1722 EGFR__CHEMBL52913__state02: success
603/1722 EGFR__CHEMBL52913__state03: success
604/1722 EGFR__CHEMBL53203__state00: success
605/1722 EGFR__CHEMBL53203__state02: success
606/1722 EGFR__CHEMBL53203__state01: success
607/1722 EGFR__CHEMBL53203__state03: success
608/1722 EGFR__CHEMBL53555__state01: success
609/1722 EGFR__CHEMBL53555__state00: success
610/1722 EGFR__CHEMBL53555__state02: success
611/1722 EGFR__CHEMBL53555__state03: success
612/1722 EGFR__CHEMBL53637__state00: success
613/1722 EGFR__CHEMBL53637__state01: success
614/1722 EGFR__CHEMBL53637__state02: success
615/1722 EGFR__CHEMBL53637__state03: success
616/1722 EGFR__CHEMBL53665__state00: success
617/1722 EGFR__CHEMBL53665__state01: success
618/1722 EGFR__CHEMBL53665__state02: success
619/1722 EGFR__CHEMBL53690__state01: success
620/1722 EGFR__CHEMBL53665__state03: success
621/1722 EGFR__CHEMBL53690__state00: success
622/1722 EGFR__CHEMBL53898__state00: success
623/1722 EGFR__CHEMBL53690__state02: success
624/1722 EGFR__CHEMBL53690__state03: success
625/1722 EGFR__CHEMBL53898__state01: success
626/1722 EGFR__CHEMBL53898__state02: success
627/1722 EGFR__CHEMBL53898__state03: success
628/1722 EGFR__CHEMBL54088__state01: success
629/1722 EGFR__CHEMBL54088__state00: success
630/1722 EGFR__CHEMBL54088__state02: success
631/1722 EGFR__CHEMBL54088__state03: success
632/1722 EGFR__CHEMBL54091__state01: success
633/1722 EGFR__CHEMBL54091__state00: success
634/1722 EGFR__CHEMBL545315__state00: failed
635/1722 EGFR__CHEMBL54091__state02: success
636/1722 EGFR__CHEMBL54091__state03: success
637/1722 EGFR__CHEMBL545315__state02: failed
638/1722 EGFR__CHEMBL545315__state01: failed
639/1722 EGFR__CHEMBL545315__state03: failed
640/1722 EGFR__CHEMBL55360__state00: success
641/1722 EGFR__CHEMBL55360__state01: success
642/1722 EGFR__CHEMBL55360__state02: success
643/1722 EGFR__CHEMBL55748__state00: success
644/1722 EGFR__CHEMBL55360__state03: success
645/1722 EGFR__CHEMBL55748__state01: success
646/1722 EGFR__CHEMBL55748__state02: success
647/1722 EGFR__CHEMBL55748__state03: success
648/1722 EGFR__CHEMBL55979__state00: success
649/1722 EGFR__CHEMBL55979__state01: success
650/1722 EGFR__CHEMBL56201__state00: success
651/1722 EGFR__CHEMBL55979__state02: success
652/1722 EGFR__CHEMBL55979__state03: success
653/1722 EGFR__CHEMBL56201__state01: success
654/1722 EGFR__CHEMBL56219__state00: success
655/1722 EGFR__CHEMBL56219__state01: success
656/1722 EGFR__CHEMBL56219__state02: success
657/1722 EGFR__CHEMBL56219__state03: success
658/1722 EGFR__CHEMBL56319__state00: success
659/1722 EGFR__CHEMBL56319__state01: success
660/1722 EGFR__CHEMBL56319__state02: success
661/1722 EGFR__CHEMBL56542__state00: success
662/1722 EGFR__CHEMBL56319__state03: success
663/1722 EGFR__CHEMBL56542__state01: success
664/1722 EGFR__CHEMBL56542__state02: success
665/1722 EGFR__CHEMBL56542__state03: success
666/1722 EGFR__CHEMBL56543__state00: success
667/1722 EGFR__CHEMBL56543__state01: success
668/1722 EGFR__CHEMBL56543__state02: success
669/1722 EGFR__CHEMBL56543__state03: success
670/1722 EGFR__CHEMBL56731__state01: success
671/1722 EGFR__CHEMBL56731__state00: success
672/1722 EGFR__CHEMBL56731__state02: success
673/1722 EGFR__CHEMBL56964__state00: success
674/1722 EGFR__CHEMBL56731__state03: success
675/1722 EGFR__CHEMBL56964__state01: success
676/1722 EGFR__CHEMBL56964__state02: success
677/1722 EGFR__CHEMBL56964__state03: success
678/1722 EGFR__CHEMBL57251__state00: success
679/1722 EGFR__CHEMBL57251__state01: success
680/1722 EGFR__CHEMBL57251__state02: success
681/1722 EGFR__CHEMBL57251__state03: success
682/1722 EGFR__CHEMBL607707__state01: success
683/1722 EGFR__CHEMBL607707__state00: success
684/1722 EGFR__CHEMBL607707__state02: success
685/1722 EGFR__CHEMBL607707__state03: success
686/1722 EGFR__CHEMBL66570__state01: success
687/1722 EGFR__CHEMBL66570__state00: success
688/1722 EGFR__CHEMBL66570__state02: success
689/1722 EGFR__CHEMBL66570__state03: success
690/1722 EGFR__CHEMBL67003__state00: success
691/1722 EGFR__CHEMBL67003__state01: success
692/1722 EGFR__CHEMBL67003__state02: success
693/1722 EGFR__CHEMBL67003__state03: success
694/1722 EGFR__CHEMBL67057__state00: success
695/1722 EGFR__CHEMBL67057__state01: success
696/1722 EGFR__CHEMBL67057__state03: success
697/1722 EGFR__CHEMBL67057__state02: success
698/1722 EGFR__CHEMBL67535__state00: success
699/1722 EGFR__CHEMBL67535__state01: success
700/1722 EGFR__CHEMBL67535__state02: success
701/1722 EGFR__CHEMBL67535__state03: success
702/1722 EGFR__CHEMBL68920__state01: success
703/1722 EGFR__CHEMBL68920__state00: success
704/1722 EGFR__CHEMBL68920__state02: success
705/1722 EGFR__CHEMBL68920__state03: success
706/1722 EGFR__CHEMBL69071__state00: success
707/1722 EGFR__CHEMBL69071__state02: success
708/1722 EGFR__CHEMBL69071__state01: success
709/1722 EGFR__CHEMBL69071__state03: success
710/1722 EGFR__CHEMBL69358__state00: success
711/1722 EGFR__CHEMBL69358__state01: success
712/1722 EGFR__CHEMBL69358__state02: success
713/1722 EGFR__CHEMBL69358__state03: success
714/1722 EGFR__CHEMBL69629__state00: success
715/1722 EGFR__CHEMBL69629__state01: success
716/1722 EGFR__CHEMBL69629__state02: success
717/1722 EGFR__CHEMBL69629__state03: success
718/1722 EGFR__CHEMBL69960__state00: success
719/1722 EGFR__CHEMBL69960__state01: success
720/1722 EGFR__CHEMBL69960__state02: success
721/1722 EGFR__CHEMBL69960__state03: success
722/1722 EGFR__CHEMBL69964__state00: success
723/1722 EGFR__CHEMBL69964__state01: success
724/1722 EGFR__CHEMBL69964__state02: success
725/1722 EGFR__CHEMBL69966__state01: success
726/1722 EGFR__CHEMBL69966__state00: success
727/1722 EGFR__CHEMBL69964__state03: success
728/1722 EGFR__CHEMBL76557__state00: success
729/1722 EGFR__CHEMBL76557__state01: success
730/1722 EGFR__CHEMBL76557__state02: success
731/1722 EGFR__CHEMBL76557__state03: success
732/1722 EGFR__CHEMBL77243__state00: success
733/1722 EGFR__CHEMBL69966__state03: success
734/1722 EGFR__CHEMBL69966__state02: success
735/1722 EGFR__CHEMBL77243__state02: success
736/1722 EGFR__CHEMBL77243__state01: success
737/1722 EGFR__CHEMBL77243__state03: success
738/1722 EGFR__CHEMBL85021__state01: success
739/1722 EGFR__CHEMBL85021__state00: success
740/1722 EGFR__CHEMBL85021__state02: success
741/1722 EGFR__CHEMBL86326__state00: success
742/1722 EGFR__CHEMBL85021__state03: success
743/1722 EGFR__CHEMBL86326__state01: success
744/1722 EGFR__CHEMBL86326__state03: success
745/1722 EGFR__CHEMBL86326__state02: success
746/1722 EGFR__CHEMBL86531__state00: success
747/1722 EGFR__CHEMBL86531__state02: success
748/1722 EGFR__CHEMBL86531__state01: success
749/1722 EGFR__CHEMBL87746__state00: success
750/1722 EGFR__CHEMBL87746__state01: success
751/1722 EGFR__CHEMBL86531__state03: success
752/1722 EGFR__CHEMBL90595__state00: success
753/1722 EGFR__CHEMBL90595__state01: success
754/1722 EGFR__CHEMBL90595__state02: success
755/1722 EGFR__CHEMBL90595__state03: success
756/1722 EGFR__CHEMBL91009__state00: success
757/1722 EGFR__CHEMBL91009__state01: success
758/1722 EGFR__CHEMBL91009__state03: success
759/1722 EGFR__CHEMBL91009__state02: success
760/1722 EGFR__CHEMBL91748__state00: success
761/1722 EGFR__CHEMBL91748__state01: success
762/1722 EGFR__CHEMBL91748__state02: success
763/1722 EGFR__CHEMBL91748__state03: success
764/1722 EGFR__CHEMBL91811__state00: success
765/1722 EGFR__CHEMBL91811__state01: success
766/1722 EGFR__CHEMBL91811__state02: success
767/1722 EGFR__CHEMBL91867__state00: success
768/1722 EGFR__CHEMBL91811__state03: success
769/1722 EGFR__CHEMBL91867__state01: success
770/1722 EGFR__CHEMBL91867__state02: success
771/1722 EGFR__CHEMBL91867__state03: success
772/1722 EGFR__CHEMBL91925__state00: success
773/1722 EGFR__CHEMBL91925__state02: success
774/1722 EGFR__CHEMBL91925__state01: success
775/1722 EGFR__CHEMBL92086__state00: success
776/1722 EGFR__CHEMBL92086__state01: success
777/1722 EGFR__CHEMBL91925__state03: success
778/1722 EGFR__CHEMBL92086__state03: success
779/1722 EGFR__CHEMBL92086__state02: success
780/1722 EGFR__CHEMBL92356__state00: success
781/1722 EGFR__CHEMBL92356__state02: success
782/1722 EGFR__CHEMBL92356__state01: success
783/1722 EGFR__CHEMBL92731__state00: success
784/1722 EGFR__CHEMBL92356__state03: success
785/1722 EGFR__CHEMBL92731__state01: success
786/1722 EGFR__CHEMBL92902__state00: success
787/1722 EGFR__CHEMBL92731__state02: success
788/1722 EGFR__CHEMBL92731__state03: success
789/1722 EGFR__CHEMBL92902__state01: success
790/1722 EGFR__CHEMBL92902__state03: success
791/1722 EGFR__CHEMBL92902__state02: success
792/1722 EGFR__CHEMBL92961__state00: success
793/1722 EGFR__CHEMBL92961__state01: success
794/1722 EGFR__CHEMBL92961__state02: success
795/1722 EGFR__CHEMBL93049__state01: success
796/1722 EGFR__CHEMBL93049__state00: success
797/1722 EGFR__CHEMBL92961__state03: success
798/1722 EGFR__CHEMBL93049__state02: success
799/1722 EGFR__CHEMBL93049__state03: success
800/1722 EGFR__CHEMBL93386__state00: success
801/1722 EGFR__CHEMBL93386__state02: success
802/1722 EGFR__CHEMBL93386__state01: success
803/1722 EGFR__CHEMBL93386__state03: success
804/1722 EGFR__CHEMBL93464__state00: success
805/1722 EGFR__CHEMBL93464__state01: success
806/1722 EGFR__CHEMBL93464__state02: success
807/1722 EGFR__CHEMBL93464__state03: success
808/1722 EGFR__CHEMBL93537__state00: success
809/1722 EGFR__CHEMBL93537__state01: success
810/1722 EGFR__CHEMBL93537__state02: success
811/1722 EGFR__CHEMBL93537__state03: success
812/1722 EGFR__CHEMBL93783__state00: success
813/1722 EGFR__CHEMBL93783__state01: success
814/1722 EGFR__CHEMBL93783__state02: success
815/1722 EGFR__CHEMBL93784__state00: success
816/1722 EGFR__CHEMBL93783__state03: success
817/1722 EGFR__CHEMBL93784__state01: success
818/1722 EGFR__CHEMBL93784__state02: success
819/1722 EGFR__CHEMBL93784__state03: success
820/1722 EGFR__CHEMBL94061__state00: success
821/1722 EGFR__CHEMBL94061__state01: success
822/1722 EGFR__CHEMBL94061__state02: success
823/1722 EGFR__CHEMBL94062__state00: success
824/1722 EGFR__CHEMBL94061__state03: success
825/1722 EGFR__CHEMBL94062__state01: success
826/1722 EGFR__CHEMBL94062__state02: success
827/1722 EGFR__CHEMBL94062__state03: success
828/1722 EGFR__CHEMBL94066__state00: success
829/1722 EGFR__CHEMBL94066__state01: success
830/1722 EGFR__CHEMBL94066__state02: success
831/1722 EGFR__CHEMBL94066__state03: success
832/1722 EGFR__CHEMBL94068__state00: success
833/1722 EGFR__CHEMBL94068__state01: success
834/1722 EGFR__CHEMBL94068__state02: success
835/1722 EGFR__CHEMBL94068__state03: success
836/1722 EGFR__CHEMBL94109__state00: success
837/1722 EGFR__CHEMBL94109__state01: success
838/1722 EGFR__CHEMBL94109__state02: success
839/1722 EGFR__CHEMBL94123__state01: success
840/1722 EGFR__CHEMBL94123__state00: success
841/1722 EGFR__CHEMBL94109__state03: success
842/1722 EGFR__CHEMBL94123__state02: success
843/1722 EGFR__CHEMBL94123__state03: success
844/1722 EGFR__CHEMBL95774__state00: success
845/1722 EGFR__CHEMBL95774__state01: success
846/1722 EGFR__CHEMBL95774__state02: success
847/1722 EGFR__CHEMBL95774__state03: success
848/1722 ERBB2__CHEMBL109480__state00: success
849/1722 ERBB2__CHEMBL109480__state01: success
850/1722 ERBB2__CHEMBL113900__state00: success
851/1722 ERBB2__CHEMBL109480__state02: success
852/1722 ERBB2__CHEMBL109480__state03: success
853/1722 ERBB2__CHEMBL113900__state01: success
854/1722 ERBB2__CHEMBL113900__state02: success
855/1722 ERBB2__CHEMBL113900__state03: success
856/1722 ERBB2__CHEMBL113901__state00: success
857/1722 ERBB2__CHEMBL113901__state01: success
858/1722 ERBB2__CHEMBL113901__state02: success
859/1722 ERBB2__CHEMBL113902__state00: success
860/1722 ERBB2__CHEMBL113901__state03: success
861/1722 ERBB2__CHEMBL113902__state02: success
862/1722 ERBB2__CHEMBL113902__state01: success
863/1722 ERBB2__CHEMBL113902__state03: success
864/1722 ERBB2__CHEMBL113985__state00: success
865/1722 ERBB2__CHEMBL113985__state02: success
866/1722 ERBB2__CHEMBL113985__state01: success
867/1722 ERBB2__CHEMBL113985__state03: success
868/1722 ERBB2__CHEMBL113996__state00: success
869/1722 ERBB2__CHEMBL113996__state01: success
870/1722 ERBB2__CHEMBL113996__state02: success
871/1722 ERBB2__CHEMBL113996__state03: success
872/1722 ERBB2__CHEMBL114073__state00: success
873/1722 ERBB2__CHEMBL114073__state01: success
874/1722 ERBB2__CHEMBL114073__state02: success
875/1722 ERBB2__CHEMBL114593__state00: success
876/1722 ERBB2__CHEMBL114073__state03: success
877/1722 ERBB2__CHEMBL114593__state01: success
878/1722 ERBB2__CHEMBL114593__state02: success
879/1722 ERBB2__CHEMBL114593__state03: success
880/1722 ERBB2__CHEMBL115187__state00: success
881/1722 ERBB2__CHEMBL115187__state01: success
882/1722 ERBB2__CHEMBL115187__state03: success
883/1722 ERBB2__CHEMBL115187__state02: success
884/1722 ERBB2__CHEMBL115440__state01: success
885/1722 ERBB2__CHEMBL115440__state00: success
886/1722 ERBB2__CHEMBL115440__state02: success
887/1722 ERBB2__CHEMBL115440__state03: success
888/1722 ERBB2__CHEMBL115519__state00: success
889/1722 ERBB2__CHEMBL115519__state01: success
890/1722 ERBB2__CHEMBL115519__state02: success
891/1722 ERBB2__CHEMBL115519__state03: success
892/1722 ERBB2__CHEMBL116012__state00: success
893/1722 ERBB2__CHEMBL116012__state01: success
894/1722 ERBB2__CHEMBL1161234__state00: success
895/1722 ERBB2__CHEMBL116012__state02: success
896/1722 ERBB2__CHEMBL116012__state03: success
897/1722 ERBB2__CHEMBL1161234__state01: success
898/1722 ERBB2__CHEMBL1161234__state02: success
899/1722 ERBB2__CHEMBL1161234__state03: success
900/1722 ERBB2__CHEMBL1161235__state01: success
901/1722 ERBB2__CHEMBL1161235__state02: success
902/1722 ERBB2__CHEMBL1161235__state00: success
903/1722 ERBB2__CHEMBL1161235__state03: success
904/1722 ERBB2__CHEMBL116595__state00: success
905/1722 ERBB2__CHEMBL116595__state01: success
906/1722 ERBB2__CHEMBL116595__state03: success
907/1722 ERBB2__CHEMBL116595__state02: success
908/1722 ERBB2__CHEMBL116853__state00: success
909/1722 ERBB2__CHEMBL116853__state03: success
910/1722 ERBB2__CHEMBL116853__state01: success
911/1722 ERBB2__CHEMBL116853__state02: success
912/1722 ERBB2__CHEMBL1173655__state00: success
913/1722 ERBB2__CHEMBL1173655__state01: success
914/1722 ERBB2__CHEMBL1173655__state02: success
915/1722 ERBB2__CHEMBL118109__state00: success
916/1722 ERBB2__CHEMBL118109__state01: success
917/1722 ERBB2__CHEMBL118109__state02: success
918/1722 ERBB2__CHEMBL1173655__state03: success
919/1722 ERBB2__CHEMBL118109__state03: success
920/1722 ERBB2__CHEMBL119156__state00: success
921/1722 ERBB2__CHEMBL119156__state01: success
922/1722 ERBB2__CHEMBL119156__state02: success
923/1722 ERBB2__CHEMBL119156__state03: success
924/1722 ERBB2__CHEMBL119987__state01: success
925/1722 ERBB2__CHEMBL119987__state00: success
926/1722 ERBB2__CHEMBL119987__state02: success
927/1722 ERBB2__CHEMBL119987__state03: success
928/1722 ERBB2__CHEMBL136058__state00: success
929/1722 ERBB2__CHEMBL136058__state01: success
930/1722 ERBB2__CHEMBL136058__state02: success
931/1722 ERBB2__CHEMBL136058__state03: success
932/1722 ERBB2__CHEMBL138940__state00: success
933/1722 ERBB2__CHEMBL138940__state01: success
934/1722 ERBB2__CHEMBL138940__state02: success
935/1722 ERBB2__CHEMBL138940__state03: success
936/1722 ERBB2__CHEMBL140561__state00: success
937/1722 ERBB2__CHEMBL140561__state01: success
938/1722 ERBB2__CHEMBL140561__state03: success
939/1722 ERBB2__CHEMBL140561__state02: success
940/1722 ERBB2__CHEMBL141238__state01: success
941/1722 ERBB2__CHEMBL141238__state00: success
942/1722 ERBB2__CHEMBL141238__state02: success
943/1722 ERBB2__CHEMBL141238__state03: success
944/1722 ERBB2__CHEMBL153763__state02: success
945/1722 ERBB2__CHEMBL153763__state01: success
946/1722 ERBB2__CHEMBL153763__state00: success
947/1722 ERBB2__CHEMBL1630107__state00: success
948/1722 ERBB2__CHEMBL153763__state03: success
949/1722 ERBB2__CHEMBL1630107__state01: success
950/1722 ERBB2__CHEMBL1630107__state02: success
951/1722 ERBB2__CHEMBL1630107__state03: success
952/1722 ERBB2__CHEMBL1630108__state01: success
953/1722 ERBB2__CHEMBL1630108__state00: success
954/1722 ERBB2__CHEMBL1630108__state02: success
955/1722 ERBB2__CHEMBL1630108__state03: success
956/1722 ERBB2__CHEMBL1630109__state00: success
957/1722 ERBB2__CHEMBL1630109__state01: success
958/1722 ERBB2__CHEMBL1630109__state02: success
959/1722 ERBB2__CHEMBL1630109__state03: success
960/1722 ERBB2__CHEMBL1630110__state00: success
961/1722 ERBB2__CHEMBL1630110__state02: success
962/1722 ERBB2__CHEMBL1630110__state01: success
963/1722 ERBB2__CHEMBL1630110__state03: success
964/1722 ERBB2__CHEMBL1630113__state00: success
965/1722 ERBB2__CHEMBL1630113__state01: success
966/1722 ERBB2__CHEMBL1630113__state03: success
967/1722 ERBB2__CHEMBL1630113__state02: success
968/1722 ERBB2__CHEMBL1630114__state00: success
969/1722 ERBB2__CHEMBL1630114__state01: success
970/1722 ERBB2__CHEMBL1630114__state02: success
971/1722 ERBB2__CHEMBL1630114__state03: success
972/1722 ERBB2__CHEMBL1630115__state01: success
973/1722 ERBB2__CHEMBL1630115__state00: success
974/1722 ERBB2__CHEMBL1683963__state00: success
975/1722 ERBB2__CHEMBL1630115__state02: success
976/1722 ERBB2__CHEMBL1630115__state03: success
977/1722 ERBB2__CHEMBL1683963__state01: success
978/1722 ERBB2__CHEMBL1683963__state02: success
979/1722 ERBB2__CHEMBL1683963__state03: success
980/1722 ERBB2__CHEMBL1683965__state01: success
981/1722 ERBB2__CHEMBL1683965__state00: success
982/1722 ERBB2__CHEMBL1683965__state02: success
983/1722 ERBB2__CHEMBL1683966__state00: success
984/1722 ERBB2__CHEMBL1683965__state03: success
985/1722 ERBB2__CHEMBL1683966__state01: success
986/1722 ERBB2__CHEMBL1683966__state03: success
987/1722 ERBB2__CHEMBL1683966__state02: success
988/1722 ERBB2__CHEMBL1683967__state01: success
989/1722 ERBB2__CHEMBL1683967__state00: success
990/1722 ERBB2__CHEMBL1683967__state02: success
991/1722 ERBB2__CHEMBL1683967__state03: success
992/1722 ERBB2__CHEMBL1683968__state00: success
993/1722 ERBB2__CHEMBL1683968__state01: success
994/1722 ERBB2__CHEMBL1683968__state02: success
995/1722 ERBB2__CHEMBL1683968__state03: success
996/1722 ERBB2__CHEMBL1683969__state00: success
997/1722 ERBB2__CHEMBL1683969__state01: success
998/1722 ERBB2__CHEMBL1683969__state02: success
999/1722 ERBB2__CHEMBL1683969__state03: success
1000/1722 ERBB2__CHEMBL175492__state00: success
1001/1722 ERBB2__CHEMBL175492__state01: success
1002/1722 ERBB2__CHEMBL175492__state03: success
1003/1722 ERBB2__CHEMBL175492__state02: success
1004/1722 ERBB2__CHEMBL175513__state00: success
1005/1722 ERBB2__CHEMBL175513__state01: success
1006/1722 ERBB2__CHEMBL175513__state02: success
1007/1722 ERBB2__CHEMBL175513__state03: success
1008/1722 ERBB2__CHEMBL175556__state00: success
1009/1722 ERBB2__CHEMBL175556__state01: success
1010/1722 ERBB2__CHEMBL175556__state02: success
1011/1722 ERBB2__CHEMBL175556__state03: success
1012/1722 ERBB2__CHEMBL175557__state00: success
1013/1722 ERBB2__CHEMBL175557__state01: success
1014/1722 ERBB2__CHEMBL175557__state03: success
1015/1722 ERBB2__CHEMBL175557__state02: success
1016/1722 ERBB2__CHEMBL175558__state00: success
1017/1722 ERBB2__CHEMBL175558__state01: success
1018/1722 ERBB2__CHEMBL175558__state02: success
1019/1722 ERBB2__CHEMBL175558__state03: success
1020/1722 ERBB2__CHEMBL175840__state00: success
1021/1722 ERBB2__CHEMBL175840__state02: success
1022/1722 ERBB2__CHEMBL175840__state01: success
1023/1722 ERBB2__CHEMBL175840__state03: success
1024/1722 ERBB2__CHEMBL175933__state00: success
1025/1722 ERBB2__CHEMBL175933__state01: success
1026/1722 ERBB2__CHEMBL175933__state03: success
1027/1722 ERBB2__CHEMBL175933__state02: success
1028/1722 ERBB2__CHEMBL176199__state01: success
1029/1722 ERBB2__CHEMBL176199__state02: success
1030/1722 ERBB2__CHEMBL176199__state00: success
1031/1722 ERBB2__CHEMBL176199__state03: success
1032/1722 ERBB2__CHEMBL178144__state00: success
1033/1722 ERBB2__CHEMBL178144__state01: success
1034/1722 ERBB2__CHEMBL178144__state02: success
1035/1722 ERBB2__CHEMBL178199__state00: success
1036/1722 ERBB2__CHEMBL178144__state03: success
1037/1722 ERBB2__CHEMBL178199__state01: success
1038/1722 ERBB2__CHEMBL178199__state02: success
1039/1722 ERBB2__CHEMBL178199__state03: success
1040/1722 ERBB2__CHEMBL178290__state01: success
1041/1722 ERBB2__CHEMBL178290__state00: success
1042/1722 ERBB2__CHEMBL178290__state02: success
1043/1722 ERBB2__CHEMBL178290__state03: success
1044/1722 ERBB2__CHEMBL178312__state00: success
1045/1722 ERBB2__CHEMBL178312__state01: success
1046/1722 ERBB2__CHEMBL178312__state02: success
1047/1722 ERBB2__CHEMBL178312__state03: success
1048/1722 ERBB2__CHEMBL178573__state00: success
1049/1722 ERBB2__CHEMBL178573__state01: success
1050/1722 ERBB2__CHEMBL178573__state02: success
1051/1722 ERBB2__CHEMBL178654__state00: success
1052/1722 ERBB2__CHEMBL178573__state03: success
1053/1722 ERBB2__CHEMBL178654__state02: success
1054/1722 ERBB2__CHEMBL178654__state01: success
1055/1722 ERBB2__CHEMBL178654__state03: success
1056/1722 ERBB2__CHEMBL178958__state02: success
1057/1722 ERBB2__CHEMBL178958__state00: success
1058/1722 ERBB2__CHEMBL178958__state01: success
1059/1722 ERBB2__CHEMBL178958__state03: success
1060/1722 ERBB2__CHEMBL179052__state00: success
1061/1722 ERBB2__CHEMBL179052__state01: success
1062/1722 ERBB2__CHEMBL179123__state00: success
1063/1722 ERBB2__CHEMBL179052__state02: success
1064/1722 ERBB2__CHEMBL179052__state03: success
1065/1722 ERBB2__CHEMBL179123__state03: success
1066/1722 ERBB2__CHEMBL179123__state01: success
1067/1722 ERBB2__CHEMBL179123__state02: success
1068/1722 ERBB2__CHEMBL179164__state00: success
1069/1722 ERBB2__CHEMBL179164__state01: success
1070/1722 ERBB2__CHEMBL179164__state02: success
1071/1722 ERBB2__CHEMBL179164__state03: success
1072/1722 ERBB2__CHEMBL179310__state00: success
1073/1722 ERBB2__CHEMBL179310__state01: success
1074/1722 ERBB2__CHEMBL179310__state03: success
1075/1722 ERBB2__CHEMBL179310__state02: success
1076/1722 ERBB2__CHEMBL179313__state00: success
1077/1722 ERBB2__CHEMBL179313__state01: success
1078/1722 ERBB2__CHEMBL179313__state02: success
1079/1722 ERBB2__CHEMBL179313__state03: success
1080/1722 ERBB2__CHEMBL179363__state00: success
1081/1722 ERBB2__CHEMBL179363__state02: success
1082/1722 ERBB2__CHEMBL179363__state01: success
1083/1722 ERBB2__CHEMBL179363__state03: success
1084/1722 ERBB2__CHEMBL179458__state01: success
1085/1722 ERBB2__CHEMBL179458__state00: success
1086/1722 ERBB2__CHEMBL179458__state02: success
1087/1722 ERBB2__CHEMBL179458__state03: success
1088/1722 ERBB2__CHEMBL179521__state00: success
1089/1722 ERBB2__CHEMBL179521__state02: success
1090/1722 ERBB2__CHEMBL179521__state01: success
1091/1722 ERBB2__CHEMBL179521__state03: success
1092/1722 ERBB2__CHEMBL179527__state00: success
1093/1722 ERBB2__CHEMBL179527__state01: success
1094/1722 ERBB2__CHEMBL179572__state00: success
1095/1722 ERBB2__CHEMBL179527__state02: success
1096/1722 ERBB2__CHEMBL179527__state03: success
1097/1722 ERBB2__CHEMBL179572__state02: success
1098/1722 ERBB2__CHEMBL179572__state01: success
1099/1722 ERBB2__CHEMBL179572__state03: success
1100/1722 ERBB2__CHEMBL179577__state01: success
1101/1722 ERBB2__CHEMBL179577__state00: success
1102/1722 ERBB2__CHEMBL179577__state02: success
1103/1722 ERBB2__CHEMBL179577__state03: success
1104/1722 ERBB2__CHEMBL179607__state00: success
1105/1722 ERBB2__CHEMBL179607__state01: success
1106/1722 ERBB2__CHEMBL179607__state02: success
1107/1722 ERBB2__CHEMBL179607__state03: success
1108/1722 ERBB2__CHEMBL179652__state00: success
1109/1722 ERBB2__CHEMBL179652__state01: success
1110/1722 ERBB2__CHEMBL179652__state02: success
1111/1722 ERBB2__CHEMBL179652__state03: success
1112/1722 ERBB2__CHEMBL179659__state01: success
1113/1722 ERBB2__CHEMBL179659__state00: success
1114/1722 ERBB2__CHEMBL179659__state02: success
1115/1722 ERBB2__CHEMBL179726__state00: success
1116/1722 ERBB2__CHEMBL179659__state03: success
1117/1722 ERBB2__CHEMBL179726__state01: success
1118/1722 ERBB2__CHEMBL179726__state02: success
1119/1722 ERBB2__CHEMBL179726__state03: success
1120/1722 ERBB2__CHEMBL179766__state00: success
1121/1722 ERBB2__CHEMBL179766__state01: success
1122/1722 ERBB2__CHEMBL179766__state02: success
1123/1722 ERBB2__CHEMBL179923__state00: success
1124/1722 ERBB2__CHEMBL179766__state03: success
1125/1722 ERBB2__CHEMBL179923__state01: success
1126/1722 ERBB2__CHEMBL179923__state02: success
1127/1722 ERBB2__CHEMBL179923__state03: success
1128/1722 ERBB2__CHEMBL179969__state00: success
1129/1722 ERBB2__CHEMBL179969__state01: success
1130/1722 ERBB2__CHEMBL180018__state00: success
1131/1722 ERBB2__CHEMBL180018__state01: success
1132/1722 ERBB2__CHEMBL180018__state02: success
1133/1722 ERBB2__CHEMBL180022__state00: success
1134/1722 ERBB2__CHEMBL180018__state03: success
1135/1722 ERBB2__CHEMBL180022__state01: success
1136/1722 ERBB2__CHEMBL180022__state02: success
1137/1722 ERBB2__CHEMBL180022__state03: success
1138/1722 ERBB2__CHEMBL180175__state00: success
1139/1722 ERBB2__CHEMBL180175__state01: success
1140/1722 ERBB2__CHEMBL180175__state02: success
1141/1722 ERBB2__CHEMBL180175__state03: success
1142/1722 ERBB2__CHEMBL180227__state00: success
1143/1722 ERBB2__CHEMBL180227__state01: success
1144/1722 ERBB2__CHEMBL180227__state02: success
1145/1722 ERBB2__CHEMBL180227__state03: success
1146/1722 ERBB2__CHEMBL180415__state00: success
1147/1722 ERBB2__CHEMBL180415__state01: success
1148/1722 ERBB2__CHEMBL180415__state02: success
1149/1722 ERBB2__CHEMBL180415__state03: success
1150/1722 ERBB2__CHEMBL180516__state00: success
1151/1722 ERBB2__CHEMBL180516__state01: success
1152/1722 ERBB2__CHEMBL190094__state00: success
1153/1722 ERBB2__CHEMBL190094__state01: success
1154/1722 ERBB2__CHEMBL180516__state02: success
1155/1722 ERBB2__CHEMBL180516__state03: success
1156/1722 ERBB2__CHEMBL190094__state02: success
1157/1722 ERBB2__CHEMBL190094__state03: success
1158/1722 ERBB2__CHEMBL201511__state00: success
1159/1722 ERBB2__CHEMBL201511__state01: success
1160/1722 ERBB2__CHEMBL201511__state03: success
1161/1722 ERBB2__CHEMBL201511__state02: success
1162/1722 ERBB2__CHEMBL202360__state00: success
1163/1722 ERBB2__CHEMBL202360__state01: success
1164/1722 ERBB2__CHEMBL202360__state03: success
1165/1722 ERBB2__CHEMBL202360__state02: success
1166/1722 ERBB2__CHEMBL202398__state01: success
1167/1722 ERBB2__CHEMBL202398__state02: success
1168/1722 ERBB2__CHEMBL202398__state00: success
1169/1722 ERBB2__CHEMBL202411__state01: success
1170/1722 ERBB2__CHEMBL202411__state00: success
1171/1722 ERBB2__CHEMBL202411__state02: success
1172/1722 ERBB2__CHEMBL202398__state03: success
1173/1722 ERBB2__CHEMBL202411__state03: success
1174/1722 ERBB2__CHEMBL202421__state00: success
1175/1722 ERBB2__CHEMBL202421__state01: success
1176/1722 ERBB2__CHEMBL202421__state02: success
1177/1722 ERBB2__CHEMBL202424__state01: success
1178/1722 ERBB2__CHEMBL202424__state00: success
1179/1722 ERBB2__CHEMBL202421__state03: success
1180/1722 ERBB2__CHEMBL202424__state02: success
1181/1722 ERBB2__CHEMBL202424__state03: success
1182/1722 ERBB2__CHEMBL202425__state00: success
1183/1722 ERBB2__CHEMBL202425__state01: success
1184/1722 ERBB2__CHEMBL202425__state02: success
1185/1722 ERBB2__CHEMBL202425__state03: success
1186/1722 ERBB2__CHEMBL202556__state00: success
1187/1722 ERBB2__CHEMBL202556__state01: success
1188/1722 ERBB2__CHEMBL202556__state02: success
1189/1722 ERBB2__CHEMBL202556__state03: success
1190/1722 ERBB2__CHEMBL202621__state00: success
1191/1722 ERBB2__CHEMBL202621__state01: success
1192/1722 ERBB2__CHEMBL202621__state02: success
1193/1722 ERBB2__CHEMBL202621__state03: success
1194/1722 ERBB2__CHEMBL203599__state00: success
1195/1722 ERBB2__CHEMBL203599__state01: success
1196/1722 ERBB2__CHEMBL203644__state00: success
1197/1722 ERBB2__CHEMBL203599__state02: success
1198/1722 ERBB2__CHEMBL203599__state03: success
1199/1722 ERBB2__CHEMBL203644__state01: success
1200/1722 ERBB2__CHEMBL203644__state02: success
1201/1722 ERBB2__CHEMBL203644__state03: success
1202/1722 ERBB2__CHEMBL203645__state02: success
1203/1722 ERBB2__CHEMBL203645__state00: success
1204/1722 ERBB2__CHEMBL203645__state01: success
1205/1722 ERBB2__CHEMBL203645__state03: success
1206/1722 ERBB2__CHEMBL203661__state00: success
1207/1722 ERBB2__CHEMBL203661__state01: success
1208/1722 ERBB2__CHEMBL203661__state02: success
1209/1722 ERBB2__CHEMBL203661__state03: success
1210/1722 ERBB2__CHEMBL204085__state00: success
1211/1722 ERBB2__CHEMBL204085__state01: success
1212/1722 ERBB2__CHEMBL204085__state02: success
1213/1722 ERBB2__CHEMBL204085__state03: success
1214/1722 ERBB2__CHEMBL204638__state00: success
1215/1722 ERBB2__CHEMBL204638__state01: success
1216/1722 ERBB2__CHEMBL204638__state02: success
1217/1722 ERBB2__CHEMBL204638__state03: success
1218/1722 ERBB2__CHEMBL205059__state00: success
1219/1722 ERBB2__CHEMBL205059__state01: success
1220/1722 ERBB2__CHEMBL205059__state02: success
1221/1722 ERBB2__CHEMBL205059__state03: success
1222/1722 ERBB2__CHEMBL2112990__state01: success
1223/1722 ERBB2__CHEMBL2112990__state00: success
1224/1722 ERBB2__CHEMBL2112990__state02: success
1225/1722 ERBB2__CHEMBL2112990__state03: success
1226/1722 ERBB2__CHEMBL264382__state00: success
1227/1722 ERBB2__CHEMBL264382__state01: success
1228/1722 ERBB2__CHEMBL275762__state00: success
1229/1722 ERBB2__CHEMBL275762__state01: success
1230/1722 ERBB2__CHEMBL264382__state03: success
1231/1722 ERBB2__CHEMBL275762__state02: success
1232/1722 ERBB2__CHEMBL275762__state03: success
1233/1722 ERBB2__CHEMBL264382__state02: success
1234/1722 ERBB2__CHEMBL27685__state01: success
1235/1722 ERBB2__CHEMBL27685__state02: success
1236/1722 ERBB2__CHEMBL27685__state00: success
1237/1722 ERBB2__CHEMBL280757__state00: success
1238/1722 ERBB2__CHEMBL280757__state01: success
1239/1722 ERBB2__CHEMBL27685__state03: success
1240/1722 ERBB2__CHEMBL280757__state03: success
1241/1722 ERBB2__CHEMBL280757__state02: success
1242/1722 ERBB2__CHEMBL28418__state02: success
1243/1722 ERBB2__CHEMBL28418__state00: success
1244/1722 ERBB2__CHEMBL28418__state01: success
1245/1722 ERBB2__CHEMBL28418__state03: success
1246/1722 ERBB2__CHEMBL284326__state01: success
1247/1722 ERBB2__CHEMBL284326__state00: success
1248/1722 ERBB2__CHEMBL284326__state02: success
1249/1722 ERBB2__CHEMBL285063__state00: success
1250/1722 ERBB2__CHEMBL285063__state01: success
1251/1722 ERBB2__CHEMBL285063__state02: success
1252/1722 ERBB2__CHEMBL285063__state03: success
1253/1722 ERBB2__CHEMBL284326__state03: success
1254/1722 ERBB2__CHEMBL291986__state00: success
1255/1722 ERBB2__CHEMBL291986__state01: success
1256/1722 ERBB2__CHEMBL291986__state02: success
1257/1722 ERBB2__CHEMBL291986__state03: success
1258/1722 ERBB2__CHEMBL293749__state00: success
1259/1722 ERBB2__CHEMBL293749__state01: success
1260/1722 ERBB2__CHEMBL293749__state02: success
1261/1722 ERBB2__CHEMBL293749__state03: success
1262/1722 ERBB2__CHEMBL305194__state01: success
1263/1722 ERBB2__CHEMBL305194__state00: success
1264/1722 ERBB2__CHEMBL305194__state02: success
1265/1722 ERBB2__CHEMBL305194__state03: success
1266/1722 ERBB2__CHEMBL305246__state00: success
1267/1722 ERBB2__CHEMBL305246__state01: success
1268/1722 ERBB2__CHEMBL305246__state02: success
1269/1722 ERBB2__CHEMBL31373__state00: success
1270/1722 ERBB2__CHEMBL305246__state03: success
1271/1722 ERBB2__CHEMBL31373__state01: success
1272/1722 ERBB2__CHEMBL31373__state03: success
1273/1722 ERBB2__CHEMBL314021__state00: success
1274/1722 ERBB2__CHEMBL31373__state02: success
1275/1722 ERBB2__CHEMBL31419__state01: success
1276/1722 ERBB2__CHEMBL31419__state00: success
1277/1722 ERBB2__CHEMBL31419__state02: success
1278/1722 ERBB2__CHEMBL315546__state00: success
1279/1722 ERBB2__CHEMBL315546__state01: success
1280/1722 ERBB2__CHEMBL315701__state00: success
1281/1722 ERBB2__CHEMBL31419__state03: success
1282/1722 ERBB2__CHEMBL315701__state01: success
1283/1722 ERBB2__CHEMBL31656__state01: success
1284/1722 ERBB2__CHEMBL31656__state00: success
1285/1722 ERBB2__CHEMBL31656__state02: success
1286/1722 ERBB2__CHEMBL31815__state00: success
1287/1722 ERBB2__CHEMBL31656__state03: success
1288/1722 ERBB2__CHEMBL31815__state01: success
1289/1722 ERBB2__CHEMBL31815__state02: success
1290/1722 ERBB2__CHEMBL31815__state03: success
1291/1722 ERBB2__CHEMBL31816__state01: success
1292/1722 ERBB2__CHEMBL31816__state00: success
1293/1722 ERBB2__CHEMBL31816__state02: success
1294/1722 ERBB2__CHEMBL31816__state03: success
1295/1722 ERBB2__CHEMBL31965__state01: success
1296/1722 ERBB2__CHEMBL31965__state00: success
1297/1722 ERBB2__CHEMBL31965__state02: success
1298/1722 ERBB2__CHEMBL326100__state00: success
1299/1722 ERBB2__CHEMBL326100__state01: success
1300/1722 ERBB2__CHEMBL31965__state03: success
1301/1722 ERBB2__CHEMBL326100__state02: success
1302/1722 ERBB2__CHEMBL326100__state03: success
1303/1722 ERBB2__CHEMBL326280__state00: success
1304/1722 ERBB2__CHEMBL326280__state01: success
1305/1722 ERBB2__CHEMBL326280__state02: success
1306/1722 ERBB2__CHEMBL326280__state03: success
1307/1722 ERBB2__CHEMBL327838__state00: success
1308/1722 ERBB2__CHEMBL327838__state01: success
1309/1722 ERBB2__CHEMBL327838__state02: success
1310/1722 ERBB2__CHEMBL327838__state03: success
1311/1722 ERBB2__CHEMBL328245__state00: success
1312/1722 ERBB2__CHEMBL328245__state01: success
1313/1722 ERBB2__CHEMBL328245__state02: success
1314/1722 ERBB2__CHEMBL328245__state03: success
1315/1722 ERBB2__CHEMBL328704__state00: success
1316/1722 ERBB2__CHEMBL328704__state01: success
1317/1722 ERBB2__CHEMBL328704__state03: success
1318/1722 ERBB2__CHEMBL328704__state02: success
1319/1722 ERBB2__CHEMBL328977__state00: success
1320/1722 ERBB2__CHEMBL328977__state01: success
1321/1722 ERBB2__CHEMBL328977__state02: success
1322/1722 ERBB2__CHEMBL328977__state03: success
1323/1722 ERBB2__CHEMBL329642__state01: success
1324/1722 ERBB2__CHEMBL329642__state00: success
1325/1722 ERBB2__CHEMBL329642__state02: success
1326/1722 ERBB2__CHEMBL329642__state03: success
1327/1722 ERBB2__CHEMBL329856__state00: success
1328/1722 ERBB2__CHEMBL329856__state02: success
1329/1722 ERBB2__CHEMBL329856__state01: success
1330/1722 ERBB2__CHEMBL329856__state03: success
1331/1722 ERBB2__CHEMBL332497__state00: success
1332/1722 ERBB2__CHEMBL332497__state01: success
1333/1722 ERBB2__CHEMBL332497__state02: success
1334/1722 ERBB2__CHEMBL334801__state00: success
1335/1722 ERBB2__CHEMBL332497__state03: success
1336/1722 ERBB2__CHEMBL334801__state01: success
1337/1722 ERBB2__CHEMBL334801__state02: success
1338/1722 ERBB2__CHEMBL334801__state03: success
1339/1722 ERBB2__CHEMBL342828__state01: success
1340/1722 ERBB2__CHEMBL342828__state00: success
1341/1722 ERBB2__CHEMBL342828__state02: success
1342/1722 ERBB2__CHEMBL345109__state00: success
1343/1722 ERBB2__CHEMBL342828__state03: success
1344/1722 ERBB2__CHEMBL345109__state01: success
1345/1722 ERBB2__CHEMBL345109__state02: success
1346/1722 ERBB2__CHEMBL345109__state03: success
1347/1722 ERBB2__CHEMBL359629__state01: success
1348/1722 ERBB2__CHEMBL359629__state00: success
1349/1722 ERBB2__CHEMBL359629__state02: success
1350/1722 ERBB2__CHEMBL359630__state00: success
1351/1722 ERBB2__CHEMBL359629__state03: success
1352/1722 ERBB2__CHEMBL359630__state01: success
1353/1722 ERBB2__CHEMBL359630__state02: success
1354/1722 ERBB2__CHEMBL359630__state03: success
1355/1722 ERBB2__CHEMBL359660__state00: success
1356/1722 ERBB2__CHEMBL359660__state01: success
1357/1722 ERBB2__CHEMBL359660__state02: success
1358/1722 ERBB2__CHEMBL359660__state03: success
1359/1722 ERBB2__CHEMBL360028__state00: success
1360/1722 ERBB2__CHEMBL360028__state01: success
1361/1722 ERBB2__CHEMBL360028__state02: success
1362/1722 ERBB2__CHEMBL360028__state03: success
1363/1722 ERBB2__CHEMBL360211__state02: success
1364/1722 ERBB2__CHEMBL360211__state00: success
1365/1722 ERBB2__CHEMBL360211__state01: success
1366/1722 ERBB2__CHEMBL360519__state00: success
1367/1722 ERBB2__CHEMBL360519__state01: success
1368/1722 ERBB2__CHEMBL360211__state03: success
1369/1722 ERBB2__CHEMBL360519__state02: success
1370/1722 ERBB2__CHEMBL360662__state00: success
1371/1722 ERBB2__CHEMBL360519__state03: success
1372/1722 ERBB2__CHEMBL360662__state01: success
1373/1722 ERBB2__CHEMBL360662__state03: success
1374/1722 ERBB2__CHEMBL360662__state02: success
1375/1722 ERBB2__CHEMBL360780__state00: success
1376/1722 ERBB2__CHEMBL360780__state01: success
1377/1722 ERBB2__CHEMBL360780__state02: success
1378/1722 ERBB2__CHEMBL360780__state03: success
1379/1722 ERBB2__CHEMBL360933__state00: success
1380/1722 ERBB2__CHEMBL360933__state02: success
1381/1722 ERBB2__CHEMBL360933__state01: success
1382/1722 ERBB2__CHEMBL360958__state00: success
1383/1722 ERBB2__CHEMBL360958__state01: success
1384/1722 ERBB2__CHEMBL360933__state03: success
1385/1722 ERBB2__CHEMBL360958__state02: success
1386/1722 ERBB2__CHEMBL360979__state00: success
1387/1722 ERBB2__CHEMBL360958__state03: success
1388/1722 ERBB2__CHEMBL360979__state02: success
1389/1722 ERBB2__CHEMBL360979__state01: success
1390/1722 ERBB2__CHEMBL360979__state03: success
1391/1722 ERBB2__CHEMBL361343__state00: success
1392/1722 ERBB2__CHEMBL361343__state01: success
1393/1722 ERBB2__CHEMBL361343__state02: success
1394/1722 ERBB2__CHEMBL361343__state03: success
1395/1722 ERBB2__CHEMBL362232__state00: success
1396/1722 ERBB2__CHEMBL362232__state01: success
1397/1722 ERBB2__CHEMBL362232__state02: success
1398/1722 ERBB2__CHEMBL362232__state03: success
1399/1722 ERBB2__CHEMBL362611__state00: success
1400/1722 ERBB2__CHEMBL362611__state01: success
1401/1722 ERBB2__CHEMBL362611__state02: success
1402/1722 ERBB2__CHEMBL362611__state03: success
1403/1722 ERBB2__CHEMBL362824__state00: success
1404/1722 ERBB2__CHEMBL362824__state01: success
1405/1722 ERBB2__CHEMBL362824__state02: success
1406/1722 ERBB2__CHEMBL362824__state03: success
1407/1722 ERBB2__CHEMBL367492__state01: success
1408/1722 ERBB2__CHEMBL367492__state00: success
1409/1722 ERBB2__CHEMBL367492__state03: success
1410/1722 ERBB2__CHEMBL367492__state02: success
1411/1722 ERBB2__CHEMBL368234__state00: success
1412/1722 ERBB2__CHEMBL368234__state02: success
1413/1722 ERBB2__CHEMBL368234__state01: success
1414/1722 ERBB2__CHEMBL368234__state03: success
1415/1722 ERBB2__CHEMBL368702__state00: success
1416/1722 ERBB2__CHEMBL368702__state02: success
1417/1722 ERBB2__CHEMBL368702__state01: success
1418/1722 ERBB2__CHEMBL368702__state03: success
1419/1722 ERBB2__CHEMBL369088__state01: success
1420/1722 ERBB2__CHEMBL369088__state00: success
1421/1722 ERBB2__CHEMBL369088__state02: success
1422/1722 ERBB2__CHEMBL369299__state00: success
1423/1722 ERBB2__CHEMBL369299__state01: success
1424/1722 ERBB2__CHEMBL369088__state03: success
1425/1722 ERBB2__CHEMBL373207__state00: success
1426/1722 ERBB2__CHEMBL369299__state02: success
1427/1722 ERBB2__CHEMBL373207__state01: success
1428/1722 ERBB2__CHEMBL369299__state03: success
1429/1722 ERBB2__CHEMBL373207__state02: success
1430/1722 ERBB2__CHEMBL378144__state01: success
1431/1722 ERBB2__CHEMBL378144__state00: success
1432/1722 ERBB2__CHEMBL378144__state02: success
1433/1722 ERBB2__CHEMBL373207__state03: success
1434/1722 ERBB2__CHEMBL378144__state03: success
1435/1722 ERBB2__CHEMBL380669__state00: success
1436/1722 ERBB2__CHEMBL380669__state01: success
1437/1722 ERBB2__CHEMBL380669__state02: success
1438/1722 ERBB2__CHEMBL382073__state00: success
1439/1722 ERBB2__CHEMBL380669__state03: success
1440/1722 ERBB2__CHEMBL382073__state01: success
1441/1722 ERBB2__CHEMBL382073__state03: success
1442/1722 ERBB2__CHEMBL382073__state02: success
1443/1722 ERBB2__CHEMBL383499__state00: success
1444/1722 ERBB2__CHEMBL383499__state01: success
1445/1722 ERBB2__CHEMBL383499__state02: success
1446/1722 ERBB2__CHEMBL383499__state03: success
1447/1722 ERBB2__CHEMBL414220__state01: success
1448/1722 ERBB2__CHEMBL414220__state00: success
1449/1722 ERBB2__CHEMBL414220__state02: success
1450/1722 ERBB2__CHEMBL414631__state00: success
1451/1722 ERBB2__CHEMBL414220__state03: success
1452/1722 ERBB2__CHEMBL414631__state01: success
1453/1722 ERBB2__CHEMBL414631__state02: success
1454/1722 ERBB2__CHEMBL414631__state03: success
1455/1722 ERBB2__CHEMBL417478__state00: success
1456/1722 ERBB2__CHEMBL417478__state01: success
1457/1722 ERBB2__CHEMBL417478__state02: success
1458/1722 ERBB2__CHEMBL417941__state00: success
1459/1722 ERBB2__CHEMBL417941__state01: success
1460/1722 ERBB2__CHEMBL417941__state02: success
1461/1722 ERBB2__CHEMBL417941__state03: success
1462/1722 ERBB2__CHEMBL417478__state03: success
1463/1722 ERBB2__CHEMBL419501__state00: success
1464/1722 ERBB2__CHEMBL419501__state01: success
1465/1722 ERBB2__CHEMBL419501__state02: success
1466/1722 ERBB2__CHEMBL419501__state03: success
1467/1722 ERBB2__CHEMBL424959__state01: success
1468/1722 ERBB2__CHEMBL424959__state00: success
1469/1722 ERBB2__CHEMBL424959__state02: success
1470/1722 ERBB2__CHEMBL424959__state03: success
1471/1722 ERBB2__CHEMBL426051__state00: success
1472/1722 ERBB2__CHEMBL426051__state01: success
1473/1722 ERBB2__CHEMBL426051__state02: success
1474/1722 ERBB2__CHEMBL426051__state03: success
1475/1722 ERBB2__CHEMBL427314__state00: success
1476/1722 ERBB2__CHEMBL427314__state01: success
1477/1722 ERBB2__CHEMBL427314__state02: success
1478/1722 ERBB2__CHEMBL427315__state00: success
1479/1722 ERBB2__CHEMBL427314__state03: success
1480/1722 ERBB2__CHEMBL427315__state01: success
1481/1722 ERBB2__CHEMBL427315__state03: success
1482/1722 ERBB2__CHEMBL430571__state00: success
1483/1722 ERBB2__CHEMBL427315__state02: success
1484/1722 ERBB2__CHEMBL430571__state01: success
1485/1722 ERBB2__CHEMBL430571__state03: success
1486/1722 ERBB2__CHEMBL430571__state02: success
1487/1722 ERBB2__CHEMBL434720__state00: success
1488/1722 ERBB2__CHEMBL434720__state01: success
1489/1722 ERBB2__CHEMBL434720__state02: success
1490/1722 ERBB2__CHEMBL434827__state00: success
1491/1722 ERBB2__CHEMBL434720__state03: success
1492/1722 ERBB2__CHEMBL434827__state01: success
1493/1722 ERBB2__CHEMBL437890__state00: success
1494/1722 ERBB2__CHEMBL434827__state03: success
1495/1722 ERBB2__CHEMBL434827__state02: success
1496/1722 ERBB2__CHEMBL437890__state01: success
1497/1722 ERBB2__CHEMBL437890__state02: success
1498/1722 ERBB2__CHEMBL437890__state03: success
1499/1722 ERBB2__CHEMBL440298__state01: success
1500/1722 ERBB2__CHEMBL440298__state00: success
1501/1722 ERBB2__CHEMBL440298__state02: success
1502/1722 ERBB2__CHEMBL440298__state03: success
1503/1722 ERBB2__CHEMBL442754__state00: success
1504/1722 ERBB2__CHEMBL442754__state01: success
1505/1722 ERBB2__CHEMBL442754__state02: success
1506/1722 ERBB2__CHEMBL443523__state00: success
1507/1722 ERBB2__CHEMBL443523__state01: success
1508/1722 ERBB2__CHEMBL443523__state02: success
1509/1722 ERBB2__CHEMBL442754__state03: success
1510/1722 ERBB2__CHEMBL443523__state03: success
1511/1722 ERBB2__CHEMBL483085__state00: success
1512/1722 ERBB2__CHEMBL483085__state01: success
1513/1722 ERBB2__CHEMBL453336__state00: success
1514/1722 ERBB2__CHEMBL483085__state02: success
1515/1722 ERBB2__CHEMBL483085__state03: success
1516/1722 ERBB2__CHEMBL48760__state00: success
1517/1722 ERBB2__CHEMBL48760__state01: success
1518/1722 ERBB2__CHEMBL453336__state01: success
1519/1722 ERBB2__CHEMBL488646__state00: success
1520/1722 ERBB2__CHEMBL488646__state01: success
1521/1722 ERBB2__CHEMBL51659__state00: success
1522/1722 ERBB2__CHEMBL488811__state00: success
1523/1722 ERBB2__CHEMBL51659__state01: success
1524/1722 ERBB2__CHEMBL51659__state02: success
1525/1722 ERBB2__CHEMBL488811__state01: success
1526/1722 ERBB2__CHEMBL51659__state03: success
1527/1722 ERBB2__CHEMBL53203__state01: success
1528/1722 ERBB2__CHEMBL53203__state00: success
1529/1722 ERBB2__CHEMBL53203__state02: success
1530/1722 ERBB2__CHEMBL53203__state03: success
1531/1722 ERBB2__CHEMBL53555__state00: success
1532/1722 ERBB2__CHEMBL53555__state01: success
1533/1722 ERBB2__CHEMBL53555__state02: success
1534/1722 ERBB2__CHEMBL53555__state03: success
1535/1722 ERBB2__CHEMBL53665__state00: success
1536/1722 ERBB2__CHEMBL53665__state01: success
1537/1722 ERBB2__CHEMBL53665__state03: success
1538/1722 ERBB2__CHEMBL53665__state02: success
1539/1722 ERBB2__CHEMBL53898__state00: success
1540/1722 ERBB2__CHEMBL53898__state02: success
1541/1722 ERBB2__CHEMBL53898__state01: success
1542/1722 ERBB2__CHEMBL53898__state03: success
1543/1722 ERBB2__CHEMBL54088__state01: success
1544/1722 ERBB2__CHEMBL54088__state00: success
1545/1722 ERBB2__CHEMBL54088__state02: success
1546/1722 ERBB2__CHEMBL54088__state03: success
1547/1722 ERBB2__CHEMBL54091__state00: success
1548/1722 ERBB2__CHEMBL54091__state01: success
1549/1722 ERBB2__CHEMBL54091__state02: success
1550/1722 ERBB2__CHEMBL545315__state00: failed
1551/1722 ERBB2__CHEMBL54091__state03: success
1552/1722 ERBB2__CHEMBL545315__state01: failed
1553/1722 ERBB2__CHEMBL545315__state02: failed
1554/1722 ERBB2__CHEMBL545315__state03: failed
1555/1722 ERBB2__CHEMBL55360__state00: success
1556/1722 ERBB2__CHEMBL55360__state02: success
1557/1722 ERBB2__CHEMBL55360__state01: success
1558/1722 ERBB2__CHEMBL55360__state03: success
1559/1722 ERBB2__CHEMBL55979__state00: success
1560/1722 ERBB2__CHEMBL55979__state01: success
1561/1722 ERBB2__CHEMBL56219__state00: success
1562/1722 ERBB2__CHEMBL55979__state03: success
1563/1722 ERBB2__CHEMBL55979__state02: success
1564/1722 ERBB2__CHEMBL56219__state01: success
1565/1722 ERBB2__CHEMBL56219__state03: success
1566/1722 ERBB2__CHEMBL56219__state02: success
1567/1722 ERBB2__CHEMBL56319__state02: success
1568/1722 ERBB2__CHEMBL56319__state00: success
1569/1722 ERBB2__CHEMBL56319__state01: success
1570/1722 ERBB2__CHEMBL56543__state00: success
1571/1722 ERBB2__CHEMBL56543__state01: success
1572/1722 ERBB2__CHEMBL56543__state02: success
1573/1722 ERBB2__CHEMBL56319__state03: success
1574/1722 ERBB2__CHEMBL56543__state03: success
1575/1722 ERBB2__CHEMBL56731__state00: success
1576/1722 ERBB2__CHEMBL56731__state01: success
1577/1722 ERBB2__CHEMBL56731__state02: success
1578/1722 ERBB2__CHEMBL56731__state03: success
1579/1722 ERBB2__CHEMBL569880__state00: success
1580/1722 ERBB2__CHEMBL569880__state01: success
1581/1722 ERBB2__CHEMBL569880__state02: success
1582/1722 ERBB2__CHEMBL569880__state03: success
1583/1722 ERBB2__CHEMBL571040__state01: success
1584/1722 ERBB2__CHEMBL571040__state00: success
1585/1722 ERBB2__CHEMBL57251__state00: success
1586/1722 ERBB2__CHEMBL57251__state01: success
1587/1722 ERBB2__CHEMBL571040__state02: success
1588/1722 ERBB2__CHEMBL57251__state02: success
1589/1722 ERBB2__CHEMBL57251__state03: success
1590/1722 ERBB2__CHEMBL571040__state03: success
1591/1722 ERBB2__CHEMBL597492__state00: success
1592/1722 ERBB2__CHEMBL597492__state01: success
1593/1722 ERBB2__CHEMBL597492__state02: success
1594/1722 ERBB2__CHEMBL605957__state00: success
1595/1722 ERBB2__CHEMBL597492__state03: success
1596/1722 ERBB2__CHEMBL605957__state01: success
1597/1722 ERBB2__CHEMBL605957__state02: success
1598/1722 ERBB2__CHEMBL605957__state03: success
1599/1722 ERBB2__CHEMBL66570__state01: success
1600/1722 ERBB2__CHEMBL66570__state00: success
1601/1722 ERBB2__CHEMBL66570__state02: success
1602/1722 ERBB2__CHEMBL66570__state03: success
1603/1722 ERBB2__CHEMBL67003__state01: success
1604/1722 ERBB2__CHEMBL67003__state00: success
1605/1722 ERBB2__CHEMBL67003__state02: success
1606/1722 ERBB2__CHEMBL67003__state03: success
1607/1722 ERBB2__CHEMBL67057__state00: success
1608/1722 ERBB2__CHEMBL67057__state01: success
1609/1722 ERBB2__CHEMBL68920__state00: success
1610/1722 ERBB2__CHEMBL67057__state02: success
1611/1722 ERBB2__CHEMBL67057__state03: success
1612/1722 ERBB2__CHEMBL68920__state01: success
1613/1722 ERBB2__CHEMBL68920__state02: success
1614/1722 ERBB2__CHEMBL68920__state03: success
1615/1722 ERBB2__CHEMBL69071__state00: success
1616/1722 ERBB2__CHEMBL69071__state02: success
1617/1722 ERBB2__CHEMBL69071__state01: success
1618/1722 ERBB2__CHEMBL69358__state00: success
1619/1722 ERBB2__CHEMBL69071__state03: success
1620/1722 ERBB2__CHEMBL69358__state01: success
1621/1722 ERBB2__CHEMBL69358__state02: success
1622/1722 ERBB2__CHEMBL69629__state00: success
1623/1722 ERBB2__CHEMBL69358__state03: success
1624/1722 ERBB2__CHEMBL69629__state01: success
1625/1722 ERBB2__CHEMBL69629__state02: success
1626/1722 ERBB2__CHEMBL69629__state03: success
1627/1722 ERBB2__CHEMBL69960__state02: success
1628/1722 ERBB2__CHEMBL69960__state01: success
1629/1722 ERBB2__CHEMBL69960__state00: success
1630/1722 ERBB2__CHEMBL69960__state03: success
1631/1722 ERBB2__CHEMBL69966__state00: success
1632/1722 ERBB2__CHEMBL69966__state01: success
1633/1722 ERBB2__CHEMBL69966__state02: success
1634/1722 ERBB2__CHEMBL86326__state01: success
1635/1722 ERBB2__CHEMBL86326__state00: success
1636/1722 ERBB2__CHEMBL86326__state03: success
1637/1722 ERBB2__CHEMBL69966__state03: success
1638/1722 ERBB2__CHEMBL86326__state02: success
1639/1722 ERBB2__CHEMBL86432__state00: success
1640/1722 ERBB2__CHEMBL86432__state01: success
1641/1722 ERBB2__CHEMBL86944__state02: success
1642/1722 ERBB2__CHEMBL86944__state00: success
1643/1722 ERBB2__CHEMBL86944__state01: success
1644/1722 ERBB2__CHEMBL86945__state00: success
1645/1722 ERBB2__CHEMBL86944__state03: success
1646/1722 ERBB2__CHEMBL86945__state01: success
1647/1722 ERBB2__CHEMBL87746__state00: success
1648/1722 ERBB2__CHEMBL87746__state01: success
1649/1722 ERBB2__CHEMBL89505__state00: success
1650/1722 ERBB2__CHEMBL89505__state01: success
1651/1722 ERBB2__CHEMBL89505__state02: success
1652/1722 ERBB2__CHEMBL89505__state03: success
1653/1722 ERBB2__CHEMBL90277__state00: success
1654/1722 ERBB2__CHEMBL90277__state01: success
1655/1722 ERBB2__CHEMBL90595__state00: success
1656/1722 ERBB2__CHEMBL90595__state01: success
1657/1722 ERBB2__CHEMBL90595__state02: success
1658/1722 ERBB2__CHEMBL91009__state00: success
1659/1722 ERBB2__CHEMBL90595__state03: success
1660/1722 ERBB2__CHEMBL91009__state01: success
1661/1722 ERBB2__CHEMBL91009__state02: success
1662/1722 ERBB2__CHEMBL91009__state03: success
1663/1722 ERBB2__CHEMBL91748__state00: success
1664/1722 ERBB2__CHEMBL91748__state01: success
1665/1722 ERBB2__CHEMBL91748__state03: success
1666/1722 ERBB2__CHEMBL91748__state02: success
1667/1722 ERBB2__CHEMBL91811__state00: success
1668/1722 ERBB2__CHEMBL91811__state01: success
1669/1722 ERBB2__CHEMBL91811__state02: success
1670/1722 ERBB2__CHEMBL91867__state00: success
1671/1722 ERBB2__CHEMBL91811__state03: success
1672/1722 ERBB2__CHEMBL91867__state01: success
1673/1722 ERBB2__CHEMBL91867__state02: success
1674/1722 ERBB2__CHEMBL91867__state03: success
1675/1722 ERBB2__CHEMBL92086__state00: success
1676/1722 ERBB2__CHEMBL92086__state01: success
1677/1722 ERBB2__CHEMBL92086__state03: success
1678/1722 ERBB2__CHEMBL92086__state02: success
1679/1722 ERBB2__CHEMBL92356__state00: success
1680/1722 ERBB2__CHEMBL92356__state01: success
1681/1722 ERBB2__CHEMBL92356__state02: success
1682/1722 ERBB2__CHEMBL92356__state03: success
1683/1722 ERBB2__CHEMBL92961__state00: success
1684/1722 ERBB2__CHEMBL92961__state01: success
1685/1722 ERBB2__CHEMBL92961__state02: success
1686/1722 ERBB2__CHEMBL93049__state00: success
1687/1722 ERBB2__CHEMBL92961__state03: success
1688/1722 ERBB2__CHEMBL93049__state01: success
1689/1722 ERBB2__CHEMBL93049__state02: success
1690/1722 ERBB2__CHEMBL93049__state03: success
1691/1722 ERBB2__CHEMBL93386__state00: success
1692/1722 ERBB2__CHEMBL93386__state01: success
1693/1722 ERBB2__CHEMBL93386__state02: success
1694/1722 ERBB2__CHEMBL93464__state01: success
1695/1722 ERBB2__CHEMBL93464__state00: success
1696/1722 ERBB2__CHEMBL93386__state03: success
1697/1722 ERBB2__CHEMBL93464__state02: success
1698/1722 ERBB2__CHEMBL93464__state03: success
1699/1722 ERBB2__CHEMBL93754__state00: success
1700/1722 ERBB2__CHEMBL93754__state01: success
1701/1722 ERBB2__CHEMBL93754__state02: success
1702/1722 ERBB2__CHEMBL93754__state03: success
1703/1722 ERBB2__CHEMBL93783__state00: success
1704/1722 ERBB2__CHEMBL93783__state01: success
1705/1722 ERBB2__CHEMBL93783__state02: success
1706/1722 ERBB2__CHEMBL93783__state03: success
1707/1722 ERBB2__CHEMBL93784__state00: success
1708/1722 ERBB2__CHEMBL93784__state01: success
1709/1722 ERBB2__CHEMBL93784__state02: success
1710/1722 ERBB2__CHEMBL94061__state00: success
1711/1722 ERBB2__CHEMBL93784__state03: success
1712/1722 ERBB2__CHEMBL94061__state01: success
1713/1722 ERBB2__CHEMBL94061__state02: success
1714/1722 ERBB2__CHEMBL94061__state03: success
1715/1722 ERBB2__CHEMBL94062__state00: success
1716/1722 ERBB2__CHEMBL94062__state01: success
1717/1722 ERBB2__CHEMBL94062__state02: success
1718/1722 ERBB2__CHEMBL94062__state03: success
1719/1722 ERBB2__CHEMBL94066__state00: success
1720/1722 ERBB2__CHEMBL94066__state01: success
1721/1722 ERBB2__CHEMBL94066__state02: success
1722/1722 ERBB2__CHEMBL94066__state03: success
